$ next build
▲ Next.js 16.1.1 (Turbopack, Cache Components)
- Environments: .env

  Creating an optimized production build ...
✓ Compiled successfully in 14.8s
  Running TypeScript ...
  Collecting page data using 7 workers ...
  Generating static pages using 7 workers (0/24) ...
Error: Route "/admin/categories" used `new Date()` before accessing either uncached data (e.g. `fetch()`) or Request data (e.g. `cookies()`, `headers()`, `connection()`, and `searchParams`). Accessing the current time in a Server Component requires reading one of these data sources first. Alternatively, consider moving this expression into a Client Component or Cache Component. See more info here: https://nextjs.org/docs/messages/next-prerender-current-time
    at <instance_members_initializer> (app\generated\prisma\runtime\client.js:15:29655)
    at new dD (app\generated\prisma\runtime\client.js:15:29646)
    at dC.snapshot (app\generated\prisma\runtime\client.js:15:29604)
    at a.run (app\generated\prisma\runtime\client.js:15:41161)
    at a.execute (app\generated\prisma\runtime\client.js:61:973)
    at ey.request (app\generated\prisma\runtime\client.js:62:2194)
    at async Object.singleLoader (app\generated\prisma\runtime\client.js:69:6569)
    at async e_.request (app\generated\prisma\runtime\client.js:69:7061)
    at async e (app\generated\prisma\runtime\client.js:79:5816)
    at async p (app\(dashbord)\admin\categories\page.tsx:12:29)
  13 | Note that ${s.bold("include")} statements only accept relation fields.`,a})}function xc(e,t,r){let n=t.arguments.getDeepSubSelectionValue(e.selectionPath)?.asObject();if(n){let i=n.getField("omit")?.value.asObject();if(i){bc(e,t,i);return}if(n.hasField("select")){Ec(e,t);return}}if(r?.[ie(e.outputType.name)]){Tc(e,t);return}t.addErrorMessage(()=>`Unknown field at "${e.selectionPath.join(".")} selection"`)}function bc(e,t,r){r.removeAllFields();for(let n of e.outputType.fields)r.addSuggestion(new $(n.name,"false"));t.addErrorMessage(n=>`The ${n.red("omit")} statement includes every field of the model ${n.bold(e.outputType.name)}. At least one field must be included in the result`)}function Ec(e,t){let r=e.outputType,n=t.arguments.getDeepSelectionParent(e.selectionPath)?.value,i=n?.isEmpty()??!1;n&&(n.removeAllFields(),zi(n,r)),t.addErrorMessage(o=>i?`The ${o.red("`select`")} statement for type ${o.bold(r.name)} must not be empty. ${ut(o)}`:`The ${o.red("`select`")} statement for type ${o.bold(r.name)} needs ${o.bold("at least one truthy value")}.`)}function Tc(e,t){let r=new ct;for(let i of e.outputType.fields)i.isRelation||r.addField(i.name,"false");let n=new $("omit",r).makeRequired();if(e.selectionPath.length===0)t.arguments.addSuggestion(n);else{let[i,o]=Me(e.selectionPath),a=t.arguments.getDeepSelectionParent(i)?.value.asObject()?.getField(o);if(a){let l=a?.value.asObject()??new Fe;l.addSuggestion(n),a.value=l}}t.addErrorMessage(i=>`The global ${i.red("omit")} configuration excludes every field of the model ${i.bold(e.outputType.name)}. At least one field must be included in the result`)}function Pc(e,t){let r=Zi(e.selectionPath,t);if(r.parentKind!=="unknown"){r.field.markAsError();let n=r.parent;switch(r.parentKind){case"select":zi(n,e.outputType);break;case"include":Mc(n,e.outputType);break;case"omit":Dc(n,e.outputType);break}}t.addErrorMessage(n=>{let i=[`Unknown field ${n.red(`\`${r.fieldName}\``)}`];return r.parentKind!=="unknown"&&i.push(`for ${n.bold(r.parentKind)} statement`),i.push(`on model ${n.bold(`\`${e.outputType.name}\``)}.`),i.push(ut(n)),i.join(" ")})}function Ac(e,t){let r=Zi(e.selectionPath,t);r.parentKind!=="unknown"&&r.field.value.markAsError(),t.addErrorMessage(n=>`Invalid value for selection field \`${n.red(r.fieldName)}\`: ${e.underlyingError}`)}function Sc(e,t){let r=e.argumentPath[0],n=t.arguments.getDeepSubSelectionValue(e.selectionPath)?.asObject();n&&(n.getField(r)?.markAsError(),Nc(n,e.arguments)),t.addErrorMessage(i=>Gi(i,r,e.arguments.map(o=>o.name)))}function vc(e,t){let[r,n]=Me(e.argumentPath),i=t.arguments.getDeepSubSelectionValue(e.selectionPath)?.asObject();if(i){i.getDeepField(e.argumentPath)?.markAsError();let o=i.getDeepFieldValue(r)?.asObject();o&&Yi(o,e.inputType)}t.addErrorMessage(o=>Gi(o,n,e.inputType.fields.map(s=>s.name)))}function Gi(e,t,r){let n=[`Unknown argument \`${e.red(t)}\`.`],i=Lc(t,r);return i&&n.push(`Did you mean \`${e.green(i)}\`?`),r.length>0&&n.push(ut(e)),n.join(" ")}function Cc(e,t){let r;t.addErrorMessage(l=>r?.value instanceof k&&r.value.text==="null"?`Argument \`${l.green(o)}\` must not be ${l.red("null")}.`:`Argument \`${l.green(o)}\` is missing.`);let n=t.arguments.getDeepSubSelectionValue(e.selectionPath)?.asObject();if(!n)return;let[i,o]=Me(e.argumentPath),s=new ct,a=n.getDeepFieldValue(i)?.asObject();if(a){if(r=a.getField(o),r&&a.removeField(o),e.inputTypes.length===1&&e.inputTypes[0].kind==="object"){for(let l of e.inputTypes[0].fields)s.addField(l.name,l.typeNames.join(" | "));a.addSuggestion(new $(o,s).makeRequired())}else{let l=e.inputTypes.map(Ki).join(" | ");a.addSuggestion(new $(o,l).makeRequired())}if(e.dependentArgumentPath){n.getDeepField(e.dependentArgumentPath)?.markAsError();let[,l]=Me(e.dependentArgumentPath);t.addErrorMessage(c=>`Argument \`${c.green(o)}\` is required because argument \`${c.green(l)}\` was provided.`)}}}function Ki(e){return e.kind==="list"?`${Ki(e.elementType)}[]`:e.name}function Rc(e,t){let r=e.argument.name,n=t.arguments.getDeepSubSelectionValue(e.selectionPath)?.asObject();n&&n.getDeepFieldValue(e.argumentPath)?.markAsError(),t.addErrorMessage(i=>{let o=Yt("or",e.argument.typeNames.map(s=>i.green(s)));return`Argument \`${i.bold(r)}\`: Invalid value provided. Expected ${o}, provided ${i.red(e.inferredType)}.`})}function kc(e,t){let r=e.argument.name,n=t.arguments.getDeepSubSelectionValue(e.selectionPath)?.asObject();n&&n.getDeepFieldValue(e.argumentPath)?.markAsError(),t.addErrorMessage(i=>{let o=[`Invalid value for argument \`${i.bold(r)}\``];if(e.underlyingError&&o.push(`: ${e.underlyingError}`),o.push("."),e.argument.typeNames.length>0){let s=Yt("or",e.argument.typeNames.map(a=>i.green(a)));o.push(` Expected ${s}.`)}return o.join("")})}function Oc(e,t){let r=e.argument.name,n=t.arguments.getDeepSubSelectionValue(e.selectionPath)?.asObject(),i;if(n){let s=n.getDeepField(e.argumentPath)?.value;s?.markAsError(),s instanceof k&&(i=s.text)}t.addErrorMessage(o=>{let s=["Unable to fit value"];return i&&s.push(o.red(i)),s.push(`into a 64-bit signed integer for field \`${o.bold(r)}\``),s.join(" ")})}function Ic(e,t){let r=e.argumentPath[e.argumentPath.length-1],n=t.arguments.getDeepSubSelectionValue(e.selectionPath)?.asObject();if(n){let i=n.getDeepFieldValue(e.argumentPath)?.asObject();i&&Yi(i,e.inputType)}t.addErrorMessage(i=>{let o=[`Argument \`${i.bold(r)}\` of type ${i.bold(e.inputType.name)} needs`];return e.constraints.minFieldCount===1?e.constraints.requiredFields?o.push(`${i.green("at least one of")} ${Yt("or",e.constraints.requiredFields.map(s=>`\`${i.bold(s)}\``))} arguments.`):o.push(`${i.green("at least one")} argument.`):o.push(`${i.green(`at least ${e.constraints.minFieldCount}`)} arguments.`),o.push(ut(i)),o.join(" ")})}function Fc(e,t){let r=e.argumentPath[e.argumentPath.length-1],n=t.arguments.getDeepSubSelectionValue(e.selectionPath)?.asObject(),i=[];if(n){let o=n.getDeepFieldValue(e.argumentPath)?.asObject();o&&(o.markAsError(),i=Object.keys(o.getFields()))}t.addErrorMessage(o=>{let s=[`Argument \`${o.bold(r)}\` of type ${o.bold(e.inputType.name)} needs`];return e.constraints.minFieldCount===1&&e.constraints.maxFieldCount==1?s.push(`${o.green("exactly one")} argument,`):e.constraints.maxFieldCount==1?s.push(`${o.green("at most one")} argument,`):s.push(`${o.green(`at most ${e.constraints.maxFieldCount}`)} arguments,`),s.push(`but you provided ${Yt("and",i.map(a=>o.red(a)))}. Please choose`),e.constraints.maxFieldCount===1?s.push("one."):s.push(`${e.constraints.maxFieldCount}.`),s.join(" ")})}function zi(e,t){for(let r of t.fields)e.hasField(r.name)||e.addSuggestion(new $(r.name,"true"))}function Mc(e,t){for(let r of t.fields)r.isRelation&&!e.hasField(r.name)&&e.addSuggestion(new $(r.name,"true"))}function Dc(e,t){for(let r of t.fields)!e.hasField(r.name)&&!r.isRelation&&e.addSuggestion(new $(r.name,"true"))}function Nc(e,t){for(let r of t)e.hasField(r.name)||e.addSuggestion(new $(r.name,r.typeNames.join(" | ")))}function Zi(e,t){let[r,n]=Me(e),i=t.arguments.getDeepSubSelectionValue(r)?.asObject();if(!i)return{parentKind:"unknown",fieldName:n};let o=i.getFieldValue("select")?.asObject(),s=i.getFieldValue("include")?.asObject(),a=i.getFieldValue("omit")?.asObject(),l=o?.getField(n);return o&&l?{parentKind:"select",parent:o,field:l,fieldName:n}:(l=s?.getField(n),s&&l?{parentKind:"include",field:l,parent:s,fieldName:n}:(l=a?.getField(n),a&&l?{parentKind:"omit",field:l,parent:a,fieldName:n}:{parentKind:"unknown",fieldName:n}))}function Yi(e,t){if(t.kind==="object")for(let r of t.fields)e.hasField(r.name)||e.addSuggestion(new $(r.name,r.typeNames.join(" | ")))}function Me(e){let t=[...e],r=t.pop();if(!r)throw new Error("unexpected empty path");return[t,r]}function ut({green:e,enabled:t}){return"Available options are "+(t?`listed in ${e("green")}`:"marked with ?")+"."}function Yt(e,t){if(t.length===1)return t[0];let r=[...t],n=r.pop();return`${r.join(", ")} ${e} ${n}`}var _c=3;function Lc(e,t){let r=1/0,n;for(let i of t){let o=(0,Wi.default)(e,i);o>_c||o<r&&(r=o,n=i)}return n}var eo=require("@prisma/client-runtime-utils");var pt=class{modelName;name;typeName;isList;isEnum;constructor(t,r,n,i,o){this.modelName=t,this.name=r,this.typeName=n,this.isList=i,this.isEnum=o}_toGraphQLInputType(){let t=this.isList?"List":"",r=this.isEnum?"Enum":"";return`${t}${r}${this.typeName}FieldRefInput<${this.modelName}>`}};function De(e){return e instanceof pt}var Xi=": ",Xt=class{constructor(t,r){this.name=t;this.value=r}hasError=!1;markAsError(){this.hasError=!0}getPrintWidth(){return this.name.length+this.value.getPrintWidth()+Xi.length}write(t){let r=new W(this.name);this.hasError&&r.underline().setColor(t.context.colors.red),t.write(r).write(Xi).write(this.value)}};var rn=class{arguments;errorMessages=[];constructor(t){this.arguments=t}write(t){t.write(this.arguments)}addErrorMessage(t){this.errorMessages.push(t)}renderAllMessages(t){return this.errorMessages.map(r=>r(t)).join(`
  14 | `)}};function Ne(e){return new rn(to(e))}function to(e){let t=new Fe;for(let[r,n]of Object.entries(e)){let i=new Xt(r,ro(n));t.addField(i)}return t}function ro(e){if(typeof e=="string")return new k(JSON.stringify(e));if(typeof e=="number"||typeof e=="boolean")return new k(String(e));if(typeof e=="bigint")return new k(`${e}n`);if(e===null)return new k("null");if(e===void 0)return new k("undefined");if(Ce(e))return new k(`new Prisma.Decimal("${e.toFixed()}")`);if(e instanceof Uint8Array)return Buffer.isBuffer(e)?new k(`Buffer.alloc(${e.byteLength})`):new k(`new Uint8Array(${e.byteLength})`);if(e instanceof Date){let t=Qt(e)?e.toISOString():"Invalid Date";return new k(`new Date("${t}")`)}return e instanceof eo.ObjectEnumValue?new k(`Prisma.${e._getName()}`):De(e)?new k(`prisma.${ie(e.modelName)}.$fields.${e.name}`):Array.isArray(e)?$c(e):typeof e=="object"?to(e):new k(Object.prototype.toString.call(e))}function $c(e){let t=new Ie;for(let r of e)t.addItem(ro(r));return t}function er(e,t){let r=t==="pretty"?Ji:Zt,n=e.renderAllMessages(r),i=new ke(0,{colors:r}).write(e).toString();return{message:n,args:i}}function tr({args:e,errors:t,errorFormat:r,callsite:n,originalMethod:i,clientVersion:o,globalOmit:s}){let a=Ne(e);for(let p of t)Gt(p,a,s);let{message:l,args:c}=er(a,r),u=Wt({message:l,callsite:n,originalMethod:i,showColors:r==="pretty",callArguments:c});throw new no.PrismaClientValidationError(u,{clientVersion:o})}function G(e){return e.replace(/^./,t=>t.toLowerCase())}function oo(e,t,r){let n=G(r);return!t.result||!(t.result.$allModels||t.result[n])?e:qc({...e,...io(t.name,e,t.result.$allModels),...io(t.name,e,t.result[n])})}function qc(e){let t=new J,r=(n,i)=>t.getOrCreate(n,()=>i.has(n)?[n]:(i.add(n),e[n]?e[n].needs.flatMap(o=>r(o,i)):[n]));return Bt(e,n=>({...n,needs:r(n.name,new Set)}))}function io(e,t,r){return r?Bt(r,({needs:n,compute:i},o)=>({name:o,needs:n?Object.keys(n).filter(s=>n[s]):[],compute:Vc(t,o,i)})):{}}function Vc(e,t,r){let n=e?.[t]?.compute;return n?i=>r({...i,[t]:n(i)}):r}function so(e,t){if(!t)return e;let r={...e};for(let n of Object.values(t))if(e[n.name])for(let i of n.needs)r[i]=!0;return r}function ao(e,t){if(!t)return e;let r={...e};for(let n of Object.values(t))if(!e[n.name])for(let i of n.needs)delete r[i];return r}var rr=class{constructor(t,r){this.extension=t;this.previous=r}computedFieldsCache=new J;modelExtensionsCache=new J;queryCallbacksCache=new J;clientExtensions=ze(()=>this.extension.client?{...this.previous?.getAllClientExtensions(),...this.extension.client}:this.previous?.getAllClientExtensions());batchCallbacks=ze(()=>{let t=this.previous?.getAllBatchQueryCallbacks()??[],r=this.extension.query?.$__internalBatch;return r?t.concat(r):t});getAllComputedFields(t){return this.computedFieldsCache.getOrCreate(t,()=>oo(this.previous?.getAllComputedFields(t),this.extension,t))}getAllClientExtensions(){return this.clientExtensions.get()}getAllModelExtensions(t){return this.modelExtensionsCache.getOrCreate(t,()=>{let r=G(t);return!this.extension.model||!(this.extension.model[r]||this.extension.model.$allModels)?this.previous?.getAllModelExtensions(t):{...this.previous?.getAllModelExtensions(t),...this.extension.model.$allModels,...this.extension.model[r]}})}getAllQueryCallbacks(t,r){return this.queryCallbacksCache.getOrCreate(`${t}:${r}`,()=>{let n=this.previous?.getAllQueryCallbacks(t,r)??[],i=[],o=this.extension.query;return!o||!(o[t]||o.$allModels||o[r]||o.$allOperations)?n:(o[t]!==void 0&&(o[t][r]!==void 0&&i.push(o[t][r]),o[t].$allOperations!==void 0&&i.push(o[t].$allOperations)),t!=="$none"&&o.$allModels!==void 0&&(o.$allModels[r]!==void 0&&i.push(o.$allModels[r]),o.$allModels.$allOperations!==void 0&&i.push(o.$allModels.$allOperations)),o[r]!==void 0&&i.push(o[r]),o.$allOperations!==void 0&&i.push(o.$allOperations),n.concat(i))})}getAllBatchQueryCallbacks(){return this.batchCallbacks.get()}},_e=class e{constructor(t){this.head=t}static empty(){return new e}static single(t){return new e(new rr(t))}isEmpty(){return this.head===void 0}append(t){return new e(new rr(t,this.head))}getAllComputedFields(t){return this.head?.getAllComputedFields(t)}getAllClientExtensions(){return this.head?.getAllClientExtensions()}getAllModelExtensions(t){return this.head?.getAllModelExtensions(t)}getAllQueryCallbacks(t,r){return this.head?.getAllQueryCallbacks(t,r)??[]}getAllBatchQueryCallbacks(){return this.head?.getAllBatchQueryCallbacks()??[]}};var nr=class{constructor(t){this.name=t}};function lo(e){return e instanceof nr}function co(e){return new nr(e)}var uo=Symbol(),dt=class{constructor(t){if(t!==uo)throw new Error("Skip instance can not be constructed directly")}ifUndefined(t){return t===void 0?ir:t}},ir=new dt(uo);function K(e){return e instanceof dt}var Uc={findUnique:"findUnique",findUniqueOrThrow:"findUniqueOrThrow",findFirst:"findFirst",findFirstOrThrow:"findFirstOrThrow",findMany:"findMany",count:"aggregate",create:"createOne",createMany:"createMany",createManyAndReturn:"createManyAndReturn",update:"updateOne",updateMany:"updateMany",updateManyAndReturn:"updateManyAndReturn",upsert:"upsertOne",delete:"deleteOne",deleteMany:"deleteMany",executeRaw:"executeRaw",queryRaw:"queryRaw",aggregate:"aggregate",groupBy:"groupBy",runCommandRaw:"runCommandRaw",findRaw:"findRaw",aggregateRaw:"aggregateRaw"},po="explicitly `undefined` values are not allowed";function or({modelName:e,action:t,args:r,runtimeDataModel:n,extensions:i=_e.empty(),callsite:o,clientMethod:s,errorFormat:a,clientVersion:l,previewFeatures:c,globalOmit:u}){let p=new nn({runtimeDataModel:n,modelName:e,action:t,rootArgs:r,callsite:o,extensions:i,selectionPath:[],argumentPath:[],originalMethod:s,errorFormat:a,clientVersion:l,previewFeatures:c,globalOmit:u});return{modelName:e,action:Uc[t],query:mt(r,p)}}function mt({select:e,include:t,...r}={},n){let i=r.omit;return delete r.omit,{arguments:fo(r,n),selection:jc(e,t,i,n)}}function jc(e,t,r,n){return e?(t?n.throwValidationError({kind:"MutuallyExclusiveFields",firstField:"include",secondField:"select",selectionPath:n.getSelectionPath()}):r&&n.throwValidationError({kind:"MutuallyExclusiveFields",firstField:"omit",secondField:"select",selectionPath:n.getSelectionPath()}),Jc(e,n)):Bc(n,t,r)}function Bc(e,t,r){let n={};return e.modelOrType&&!e.isRawAction()&&(n.$composites=!0,n.$scalars=!0),t&&Qc(n,t,e),Hc(n,r,e),n}function Qc(e,t,r){for(let[n,i]of Object.entries(t)){if(K(i))continue;let o=r.nestSelection(n);if(on(i,o),i===!1||i===void 0){e[n]=!1;continue}let s=r.findField(n);if(s&&s.kind!=="object"&&r.throwValidationError({kind:"IncludeOnScalar",selectionPath:r.getSelectionPath().concat(n),outputType:r.getOutputTypeDescription()}),s){e[n]=mt(i===!0?{}:i,o);continue}if(i===!0){e[n]=!0;continue}e[n]=mt(i,o)}}function Hc(e,t,r){let n=r.getComputedFields(),i={...r.getGlobalOmit(),...t},o=ao(i,n);for(let[s,a]of Object.entries(o)){if(K(a))continue;on(a,r.nestSelection(s));let l=r.findField(s);n?.[s]&&!l||(e[s]=!a)}}function Jc(e,t){let r={},n=t.getComputedFields(),i=so(e,n);for(let[o,s]of Object.entries(i)){if(K(s))continue;let a=t.nestSelection(o);on(s,a);let l=t.findField(o);if(!(n?.[o]&&!l)){if(s===!1||s===void 0||K(s)){r[o]=!1;continue}if(s===!0){l?.kind==="object"?r[o]=mt({},a):r[o]=!0;continue}r[o]=mt(s,a)}}return r}function mo(e,t){if(e===null)return null;if(typeof e=="string"||typeof e=="number"||typeof e=="boolean")return e;if(typeof e=="bigint")return{$type:"BigInt",value:String(e)};if(ve(e)){if(Qt(e))return{$type:"DateTime",value:e.toISOString()};t.throwValidationError({kind:"InvalidArgumentValue",selectionPath:t.getSelectionPath(),argumentPath:t.getArgumentPath(),argument:{name:t.getArgumentName(),typeNames:["Date"]},underlyingError:"Provided Date object is invalid"})}if(lo(e))return{$type:"Param",value:e.name};if(De(e))return{$type:"FieldRef",value:{_ref:e.name,_container:e.modelName}};if(Array.isArray(e))return Wc(e,t);if(ArrayBuffer.isView(e)){let{buffer:r,byteOffset:n,byteLength:i}=e;return{$type:"Bytes",value:Buffer.from(r,n,i).toString("base64")}}if(Gc(e))return e.values;if(Ce(e))return{$type:"Decimal",value:e.toFixed()};if(e instanceof se.ObjectEnumValue){if(!(0,se.isDbNull)(e)&&!(0,se.isJsonNull)(e)&&!(0,se.isAnyNull)(e))throw new Error("Invalid ObjectEnumValue");return{$type:"Enum",value:e._getName()}}if(Kc(e))return e.toJSON();if(typeof e=="object")return fo(e,t);t.throwValidationError({kind:"InvalidArgumentValue",selectionPath:t.getSelectionPath(),argumentPath:t.getArgumentPath(),argument:{name:t.getArgumentName(),typeNames:[]},underlyingError:`We could not serialize ${Object.prototype.toString.call(e)} value. Serialize the object to JSON or implement a ".toJSON()" method on it`})}function fo(e,t){if(e.$type)return{$type:"Raw",value:e};let r={};for(let n in e){let i=e[n],o=t.nestArgument(n);K(i)||(i!==void 0?r[n]=mo(i,o):t.isPreviewFeatureOn("strictUndefinedChecks")&&t.throwValidationError({kind:"InvalidArgumentValue",argumentPath:o.getArgumentPath(),selectionPath:t.getSelectionPath(),argument:{name:t.getArgumentName(),typeNames:[]},underlyingError:po}))}return r}function Wc(e,t){let r=[];for(let n=0;n<e.length;n++){let i=t.nestArgument(String(n)),o=e[n];if(o===void 0||K(o)){let s=o===void 0?"undefined":"Prisma.skip";t.throwValidationError({kind:"InvalidArgumentValue",selectionPath:i.getSelectionPath(),argumentPath:i.getArgumentPath(),argument:{name:`${t.getArgumentName()}[${n}]`,typeNames:[]},underlyingError:`Can not use \`${s}\` value within array. Use \`null\` or filter out \`${s}\` values`})}r.push(mo(o,i))}return r}function Gc(e){return typeof e=="object"&&e!==null&&e.__prismaRawParameters__===!0}function Kc(e){return typeof e=="object"&&e!==null&&typeof e.toJSON=="function"}function on(e,t){e===void 0&&t.isPreviewFeatureOn("strictUndefinedChecks")&&t.throwValidationError({kind:"InvalidSelectionValue",selectionPath:t.getSelectionPath(),underlyingError:po})}var nn=class e{constructor(t){this.params=t;this.params.modelName&&(this.modelOrType=this.params.runtimeDataModel.models[this.params.modelName]??this.params.runtimeDataModel.types[this.params.modelName])}modelOrType;throwValidationError(t){tr({errors:[t],originalMethod:this.params.originalMethod,args:this.params.rootArgs??{},callsite:this.params.callsite,errorFormat:this.params.errorFormat,clientVersion:this.params.clientVersion,globalOmit:this.params.globalOmit})}getSelectionPath(){return this.params.selectionPath}getArgumentPath(){return this.params.argumentPath}getArgumentName(){return this.params.argumentPath[this.params.argumentPath.length-1]}getOutputTypeDescription(){if(!(!this.params.modelName||!this.modelOrType))return{name:this.params.modelName,fields:this.modelOrType.fields.map(t=>({name:t.name,typeName:"boolean",isRelation:t.kind==="object"}))}}isRawAction(){return["executeRaw","queryRaw","runCommandRaw","findRaw","aggregateRaw"].includes(this.params.action)}isPreviewFeatureOn(t){return this.params.previewFeatures.includes(t)}getComputedFields(){if(this.params.modelName)return this.params.extensions.getAllComputedFields(this.params.modelName)}findField(t){return this.modelOrType?.fields.find(r=>r.name===t)}nestSelection(t){let r=this.findField(t),n=r?.kind==="object"?r.type:void 0;return new e({...this.params,modelName:n,selectionPath:this.params.selectionPath.concat(t)})}getGlobalOmit(){return this.params.modelName&&this.shouldApplyGlobalOmit()?this.params.globalOmit?.[ie(this.params.modelName)]??{}:{}}shouldApplyGlobalOmit(){switch(this.params.action){case"findFirst":case"findFirstOrThrow":case"findUniqueOrThrow":case"findMany":case"upsert":case"findUnique":case"createManyAndReturn":case"create":case"update":case"updateManyAndReturn":case"delete":return!0;case"executeRaw":case"aggregateRaw":case"runCommandRaw":case"findRaw":case"createMany":case"deleteMany":case"groupBy":case"updateMany":case"count":case"aggregate":case"queryRaw":return!1;default:X(this.params.action,"Unknown action")}}nestArgument(t){return new e({...this.params,argumentPath:this.params.argumentPath.concat(t)})}};function go(e,t){let r=ze(()=>zc(t));Object.defineProperty(e,"dmmf",{get:()=>r.get()})}function zc(e){return{datamodel:{models:sn(e.models),enums:sn(e.enums),types:sn(e.types)}}}function sn(e){return Object.entries(e).map(([t,r])=>({name:t,...r}))}var an=new WeakMap,sr="$$PrismaTypedSql",ft=class{constructor(t,r){an.set(this,{sql:t,values:r}),Object.defineProperty(this,sr,{value:sr})}get sql(){return an.get(this).sql}get values(){return an.get(this).values}};function yo(e){return(...t)=>new ft(e,t)}function ar(e){return e!=null&&e[sr]===sr}var pl=require("@prisma/client-runtime-utils");var dl=require("node:async_hooks"),ml=require("node:events");function gt(e){return{getKeys(){return Object.keys(e)},getPropertyValue(t){return e[t]}}}function N(e,t){return{getKeys(){return[e]},getPropertyValue(){return t()}}}function fe(e){let t=new J;return{getKeys(){return e.getKeys()},getPropertyValue(r){return t.getOrCreate(r,()=>e.getPropertyValue(r))},getPropertyDescriptor(r){return e.getPropertyDescriptor?.(r)}}}var lr={enumerable:!0,configurable:!0,writable:!0};function cr(e){let t=new Set(e);return{getPrototypeOf:()=>Object.prototype,getOwnPropertyDescriptor:()=>lr,has:(r,n)=>t.has(n),set:(r,n,i)=>t.add(n)&&Reflect.set(r,n,i),ownKeys:()=>[...t]}}var ho=Symbol.for("nodejs.util.inspect.custom");function Q(e,t){let r=Zc(t),n=new Set,i=new Proxy(e,{get(o,s){if(n.has(s))return o[s];let a=r.get(s);return a?a.getPropertyValue(s):o[s]},has(o,s){if(n.has(s))return!0;let a=r.get(s);return a?a.has?.(s)??!0:Reflect.has(o,s)},ownKeys(o){let s=wo(Reflect.ownKeys(o),r),a=wo(Array.from(r.keys()),r);return[...new Set([...s,...a,...n])]},set(o,s,a){return r.get(s)?.getPropertyDescriptor?.(s)?.writable===!1?!1:(n.add(s),Reflect.set(o,s,a))},getOwnPropertyDescriptor(o,s){let a=Reflect.getOwnPropertyDescriptor(o,s);if(a&&!a.configurable)return a;let l=r.get(s);return l?l.getPropertyDescriptor?{...lr,...l?.getPropertyDescriptor(s)}:lr:a},defineProperty(o,s,a){return n.add(s),Reflect.defineProperty(o,s,a)},getPrototypeOf:()=>Object.prototype});return i[ho]=function(){let o={...this};return delete o[ho],o},i}function Zc(e){let t=new Map;for(let r of e){let n=r.getKeys();for(let i of n)t.set(i,r)}return t}function wo(e,t){return e.filter(r=>t.get(r)?.has?.(r)??!0)}function Le(e){return{getKeys(){return e},has(){return!1},getPropertyValue(){}}}function xo(e){if(e===void 0)return"";let t=Ne(e);return new ke(0,{colors:Zt}).write(t).toString()}var yt="<unknown>";function bo(e){var t=e.split(`
> 15 | `);return t.reduce(function(r,n){var i=eu(n)||ru(n)||ou(n)||cu(n)||au(n);return i&&r.push(i),r},[])}var Yc=/^\s*at (.*?) ?\(((?:file|https?|blob|chrome-extension|native|eval|webpack|rsc|<anonymous>|\/|[a-z]:\\|\\\\).*?)(?::(\d+))?(?::(\d+))?\)?\s*$/i,Xc=/\((\S*)(?::(\d+))(?::(\d+))\)/;function eu(e){var t=Yc.exec(e);if(!t)return null;var r=t[2]&&t[2].indexOf("native")===0,n=t[2]&&t[2].indexOf("eval")===0,i=Xc.exec(t[2]);return n&&i!=null&&(t[2]=i[1],t[3]=i[2],t[4]=i[3]),{file:r?null:t[2],methodName:t[1]||yt,arguments:r?[t[2]]:[],lineNumber:t[3]?+t[3]:null,column:t[4]?+t[4]:null}}var tu=/^\s*at (?:((?:\[object object\])?.+) )?\(?((?:file|ms-appx|https?|webpack|rsc|blob):.*?):(\d+)(?::(\d+))?\)?\s*$/i;function ru(e){var t=tu.exec(e);return t?{file:t[2],methodName:t[1]||yt,arguments:[],lineNumber:+t[3],column:t[4]?+t[4]:null}:null}var nu=/^\s*(.*?)(?:\((.*?)\))?(?:^|@)((?:file|https?|blob|chrome|webpack|rsc|resource|\[native).*?|[^@]*bundle)(?::(\d+))?(?::(\d+))?\s*$/i,iu=/(\S+) line (\d+)(?: > eval line \d+)* > eval/i;function ou(e){var t=nu.exec(e);if(!t)return null;var r=t[3]&&t[3].indexOf(" > eval")>-1,n=iu.exec(t[3]);return r&&n!=null&&(t[3]=n[1],t[4]=n[2],t[5]=null),{file:t[3],methodName:t[1]||yt,arguments:t[2]?t[2].split(","):[],lineNumber:t[4]?+t[4]:null,column:t[5]?+t[5]:null}}var su=/^\s*(?:([^@]*)(?:\((.*?)\))?@)?(\S.*?):(\d+)(?::(\d+))?\s*$/i;function au(e){var t=su.exec(e);return t?{file:t[3],methodName:t[1]||yt,arguments:[],lineNumber:+t[4],column:t[5]?+t[5]:null}:null}var lu=/^\s*at (?:((?:\[object object\])?[^\\/]+(?: \[as \S+\])?) )?\(?(.*?):(\d+)(?::(\d+))?\)?\s*$/i;function cu(e){var t=lu.exec(e);return t?{file:t[2],methodName:t[1]||yt,arguments:[],lineNumber:+t[3],column:t[4]?+t[4]:null}:null}var ln=class{getLocation(){return null}},cn=class{_error;constructor(){this._error=new Error}getLocation(){let t=this._error.stack;if(!t)return null;let n=bo(t).find(i=>{if(!i.file)return!1;let o=zr(i.file);return o!=="<anonymous>"&&!o.includes("@prisma")&&!o.includes("/packages/client/src/runtime/")&&!o.endsWith("/runtime/client.js")&&!o.startsWith("internal/")&&!i.methodName.includes("new ")&&!i.methodName.includes("getCallSite")&&!i.methodName.includes("Proxy.")&&i.methodName.split(".").length<4});return!n||!n.file?null:{fileName:n.file,lineNumber:n.lineNumber,columnNumber:n.column}}};function ae(e){return e==="minimal"?typeof $EnabledCallSite=="function"&&e!=="minimal"?new $EnabledCallSite:new ln:new cn}var Eo={_avg:!0,_count:!0,_sum:!0,_min:!0,_max:!0};function $e(e={}){let t=pu(e);return Object.entries(t).reduce((n,[i,o])=>(Eo[i]!==void 0?n.select[i]={select:o}:n[i]=o,n),{select:{}})}function pu(e={}){return typeof e._count=="boolean"?{...e,_count:{_all:e._count}}:e}function ur(e={}){return t=>(typeof e._count=="boolean"&&(t._count=t._count._all),t)}function To(e,t){let r=ur(e);return t({action:"aggregate",unpacker:r,argsMapper:$e})(e)}function du(e={}){let{select:t,...r}=e;return typeof t=="object"?$e({...r,_count:t}):$e({...r,_count:{_all:!0}})}function mu(e={}){return typeof e.select=="object"?t=>ur(e)(t)._count:t=>ur(e)(t)._count._all}function Po(e,t){return t({action:"count",unpacker:mu(e),argsMapper:du})(e)}function fu(e={}){let t=$e(e);if(Array.isArray(t.by))for(let r of t.by)typeof r=="string"&&(t.select[r]=!0);else typeof t.by=="string"&&(t.select[t.by]=!0);return t}function gu(e={}){return t=>(typeof e?._count=="boolean"&&t.forEach(r=>{r._count=r._count._all}),t)}function Ao(e,t){return t({action:"groupBy",unpacker:gu(e),argsMapper:fu})(e)}function So(e,t,r){if(t==="aggregate")return n=>To(n,r);if(t==="count")return n=>Po(n,r);if(t==="groupBy")return n=>Ao(n,r)}function vo(e,t){let r=t.fields.filter(i=>!i.relationName),n=ui(r,"name");return new Proxy({},{get(i,o){if(o in i||typeof o=="symbol")return i[o];let s=n[o];if(s)return new pt(e,o,s.type,s.isList,s.kind==="enum")},...cr(Object.keys(n))})}var Co=e=>Array.isArray(e)?e:e.split("."),un=(e,t)=>Co(t).reduce((r,n)=>r&&r[n],e),Ro=(e,t,r)=>Co(t).reduceRight((n,i,o,s)=>Object.assign({},un(e,s.slice(0,o)),{[i]:n}),r);function yu(e,t){return e===void 0||t===void 0?[]:[...t,"select",e]}function hu(e,t,r){return t===void 0?e??{}:Ro(t,r,e||!0)}function pn(e,t,r,n,i,o){let a=e._runtimeDataModel.models[t].fields.reduce((l,c)=>({...l,[c.name]:c}),{});return l=>{let c=ae(e._errorFormat),u=yu(n,i),p=hu(l,o,u),y=r({dataPath:u,callsite:c})(p),h=wu(e,t);return new Proxy(y,{get(g,E){if(!h.includes(E))return g[E];let re=[a[E].type,r,E],R=[u,p];return pn(e,...re,...R)},...cr([...h,...Object.getOwnPropertyNames(y)])})}}function wu(e,t){return e._runtimeDataModel.models[t].fields.filter(r=>r.kind==="object").map(r=>r.name)}var xu=["findUnique","findUniqueOrThrow","findFirst","findFirstOrThrow","create","update","upsert","delete"],bu=["aggregate","count","groupBy"];function dn(e,t){let r=e._extensions.getAllModelExtensions(t)??{},n=[Eu(e,t),Pu(e,t),gt(r),N("name",()=>t),N("$name",()=>t),N("$parent",()=>e._appliedParent)];return Q({},n)}function Eu(e,t){let r=G(t),n=Object.keys(Re).concat("count");return{getKeys(){return n},getPropertyValue(i){let o=i,s=a=>l=>{let c=ae(e._errorFormat);return e._createPrismaPromise(u=>{let p={args:l,dataPath:[],action:o,model:t,clientMethod:`${r}.${i}`,jsModelName:r,transaction:u,callsite:c};return e._request({...p,...a})},{action:o,args:l,model:t})};return xu.includes(o)?pn(e,t,s):Tu(i)?So(e,i,s):s({})}}}function Tu(e){return bu.includes(e)}function Pu(e,t){return fe(N("fields",()=>{let r=e._runtimeDataModel.models[t];return vo(t,r)}))}function ko(e){return e.replace(/^./,t=>t.toUpperCase())}var mn=Symbol();function ht(e){let t=[Au(e),Su(e),N(mn,()=>e),N("$parent",()=>e._appliedParent)],r=e._extensions.getAllClientExtensions();return r&&t.push(gt(r)),Q(e,t)}function Au(e){let t=Object.getPrototypeOf(e._originalClient),r=[...new Set(Object.getOwnPropertyNames(t))];return{getKeys(){return r},getPropertyValue(n){return e[n]}}}function Su(e){let t=Object.keys(e._runtimeDataModel.models),r=t.map(G),n=[...new Set(t.concat(r))];return fe({getKeys(){return n},getPropertyValue(i){let o=ko(i);if(e._runtimeDataModel.models[o]!==void 0)return dn(e,o);if(e._runtimeDataModel.models[i]!==void 0)return dn(e,i)},getPropertyDescriptor(i){if(!r.includes(i))return{enumerable:!1}}})}function Oo(e){return e[mn]?e[mn]:e}function Io(e){if(typeof e=="function")return e(this);let t=Object.create(this._originalClient,{_extensions:{value:this._extensions.append(e)},_appliedParent:{value:this,configurable:!0},$on:{value:void 0}});return ht(t)}function Fo({result:e,modelName:t,select:r,omit:n,extensions:i}){let o=i.getAllComputedFields(t);if(!o)return e;let s=[],a=[];for(let l of Object.values(o)){if(n){if(n[l.name])continue;let c=l.needs.filter(u=>n[u]);c.length>0&&a.push(Le(c))}else if(r){if(!r[l.name])continue;let c=l.needs.filter(u=>!r[u]);c.length>0&&a.push(Le(c))}vu(e,l.needs)&&s.push(Cu(l,Q(e,s)))}return s.length>0||a.length>0?Q(e,[...s,...a]):e}function vu(e,t){return t.every(r=>Zr(e,r))}function Cu(e,t){return fe(N(e.name,()=>e.compute(t)))}function pr({visitor:e,result:t,args:r,runtimeDataModel:n,modelName:i}){if(Array.isArray(t)){for(let s=0;s<t.length;s++)t[s]=pr({result:t[s],args:r,modelName:i,runtimeDataModel:n,visitor:e});return t}let o=e(t,i,r)??t;return r.include&&Mo({includeOrSelect:r.include,result:o,parentModelName:i,runtimeDataModel:n,visitor:e}),r.select&&Mo({includeOrSelect:r.select,result:o,parentModelName:i,runtimeDataModel:n,visitor:e}),o}function Mo({includeOrSelect:e,result:t,parentModelName:r,runtimeDataModel:n,visitor:i}){for(let[o,s]of Object.entries(e)){if(!s||t[o]==null||K(s))continue;let l=n.models[r].fields.find(u=>u.name===o);if(!l||l.kind!=="object"||!l.relationName)continue;let c=typeof s=="object"?s:{};t[o]=pr({visitor:i,result:t[o],args:c,modelName:l.type,runtimeDataModel:n})}}function Do({result:e,modelName:t,args:r,extensions:n,runtimeDataModel:i,globalOmit:o}){return n.isEmpty()||e==null||typeof e!="object"||!i.models[t]?e:pr({result:e,args:r??{},modelName:t,runtimeDataModel:i,visitor:(a,l,c)=>{let u=G(l);return Fo({result:a,modelName:u,select:c.select,omit:c.select?void 0:{...o?.[u],...c.omit},extensions:n})}})}var ge=require("@prisma/client-runtime-utils");var Ru=["$connect","$disconnect","$on","$transaction","$extends"],No=Ru;function _o(e){if(e instanceof ge.Sql)return ku(e);if(ar(e))return Ou(e);if(Array.isArray(e)){let r=[e[0]];for(let n=1;n<e.length;n++)r[n]=wt(e[n]);return r}let t={};for(let r in e)t[r]=wt(e[r]);return t}function ku(e){return new ge.Sql(e.strings,e.values)}function Ou(e){return new ft(e.sql,e.values)}function wt(e){if(typeof e!="object"||e==null||e instanceof ge.ObjectEnumValue||De(e))return e;if(Ce(e))return new ge.Decimal(e.toFixed());if(ve(e))return new Date(+e);if(ArrayBuffer.isView(e))return e.slice(0);if(Array.isArray(e)){let t=e.length,r;for(r=Array(t);t--;)r[t]=wt(e[t]);return r}if(typeof e=="object"){let t={};for(let r in e)r==="__proto__"?Object.defineProperty(t,r,{value:wt(e[r]),configurable:!0,enumerable:!0,writable:!0}):t[r]=wt(e[r]);return t}X(e,"Unknown value")}function $o(e,t,r,n=0){return e._createPrismaPromise(i=>{let o=t.customDataProxyFetch;return"transaction"in t&&i!==void 0&&(t.transaction?.kind==="batch"&&t.transaction.lock.then(),t.transaction=i),n===r.length?e._executeRequest(t):r[n]({model:t.model,operation:t.model?t.action:t.clientMethod,args:_o(t.args??{}),__internalParams:t,query:(s,a=t)=>{let l=a.customDataProxyFetch;return a.customDataProxyFetch=jo(o,l),a.args=s,$o(e,a,r,n+1)}})})}function qo(e,t){let{jsModelName:r,action:n,clientMethod:i}=t,o=r?n:i;if(e._extensions.isEmpty())return e._executeRequest(t);let s=e._extensions.getAllQueryCallbacks(r??"$none",o);return $o(e,t,s)}function Vo(e){return t=>{let r={requests:t},n=t[0].extensions.getAllBatchQueryCallbacks();return n.length?Uo(r,n,0,e):e(r)}}function Uo(e,t,r,n){if(r===t.length)return n(e);let i=e.customDataProxyFetch,o=e.requests[0].transaction;return t[r]({args:{queries:e.requests.map(s=>({model:s.modelName,operation:s.action,args:s.args})),transaction:o?{isolationLevel:o.kind==="batch"?o.isolationLevel:void 0}:void 0},__internalParams:e,query(s,a=e){let l=a.customDataProxyFetch;return a.customDataProxyFetch=jo(i,l),Uo(a,t,r+1,n)}})}var Lo=e=>e;function jo(e=Lo,t=Lo){return r=>e(t(r))}var Go=require("@prisma/client-runtime-utils");var xt=require("@prisma/client-runtime-utils");function b(e,t){throw new Error(t)}function fn(e,t){return e===t||e!==null&&t!==null&&typeof e=="object"&&typeof t=="object"&&Object.keys(e).length===Object.keys(t).length&&Object.keys(e).every(r=>fn(e[r],t[r]))}function qe(e,t){let r=Object.keys(e),n=Object.keys(t);return(r.length<n.length?r:n).every(o=>{if(typeof e[o]==typeof t[o]&&typeof e[o]!="object")return e[o]===t[o];if(xt.Decimal.isDecimal(e[o])||xt.Decimal.isDecimal(t[o])){let s=Bo(e[o]),a=Bo(t[o]);return s&&a&&s.equals(a)}else if(e[o]instanceof Uint8Array||t[o]instanceof Uint8Array){let s=Qo(e[o]),a=Qo(t[o]);return s&&a&&s.equals(a)}else{if(e[o]instanceof Date||t[o]instanceof Date)return Ho(e[o])?.getTime()===Ho(t[o])?.getTime();if(typeof e[o]=="bigint"||typeof t[o]=="bigint")return Jo(e[o])===Jo(t[o]);if(typeof e[o]=="number"||typeof t[o]=="number")return Wo(e[o])===Wo(t[o])}return fn(e[o],t[o])})}function Bo(e){return xt.Decimal.isDecimal(e)?e:typeof e=="number"||typeof e=="string"?new xt.Decimal(e):void 0}function Qo(e){return Buffer.isBuffer(e)?e:e instanceof Uint8Array?Buffer.from(e.buffer,e.byteOffset,e.byteLength):typeof e=="string"?Buffer.from(e,"base64"):void 0}function Ho(e){return e instanceof Date?e:typeof e=="string"||typeof e=="number"?new Date(e):void 0}function Jo(e){return typeof e=="bigint"?e:typeof e=="number"||typeof e=="string"?BigInt(e):void 0}function Wo(e){return typeof e=="number"?e:typeof e=="string"?Number(e):void 0}function bt(e){return JSON.stringify(e,(t,r)=>typeof r=="bigint"?r.toString():ArrayBuffer.isView(r)?Buffer.from(r.buffer,r.byteOffset,r.byteLength).toString("base64"):r)}function Iu(e){return e!==null&&typeof e=="object"&&typeof e.$type=="string"}function Fu(e,t){let r={};for(let n of Object.keys(e))r[n]=t(e[n],n);return r}function le(e){return e===null?e:Array.isArray(e)?e.map(le):typeof e=="object"?Iu(e)?Mu(e):e.constructor!==null&&e.constructor.name!=="Object"?e:Fu(e,le):e}function Mu({$type:e,value:t}){switch(e){case"BigInt":return BigInt(t);case"Bytes":{let{buffer:r,byteOffset:n,byteLength:i}=Buffer.from(t,"base64");return new Uint8Array(r,n,i)}case"DateTime":return new Date(t);case"Decimal":return new Go.Decimal(t);case"Json":return JSON.parse(t);default:b(t,"Unknown tagged value")}}function dr(e){return e.name==="DriverAdapterError"&&typeof e.cause=="object"}var d={Int32:0,Int64:1,Float:2,Double:3,Numeric:4,Boolean:5,Character:6,Text:7,Date:8,Time:9,DateTime:10,Json:11,Enum:12,Bytes:13,Set:14,Uuid:15,Int32Array:64,Int64Array:65,FloatArray:66,DoubleArray:67,NumericArray:68,BooleanArray:69,CharacterArray:70,TextArray:71,DateArray:72,TimeArray:73,DateTimeArray:74,JsonArray:75,EnumArray:76,BytesArray:77,UuidArray:78,UnknownNumber:128};var O=class extends Error{name="UserFacingError";code;meta;constructor(t,r,n){super(t),this.code=r,this.meta=n??{}}toQueryResponseErrorObject(){return{error:this.message,user_facing_error:{is_panic:!1,message:this.message,meta:this.meta,error_code:this.code}}}};function Ve(e){if(!dr(e))throw e;let t=Du(e),r=Ko(e);throw!t||!r?e:new O(r,t,{driverAdapterError:e})}function yn(e){throw dr(e)?new O(`Raw query failed. Code: \`${e.cause.originalCode??"N/A"}\`. Message: \`${e.cause.originalMessage??Ko(e)}\``,"P2010",{driverAdapterError:e}):e}function Du(e){switch(e.cause.kind){case"AuthenticationFailed":return"P1000";case"DatabaseNotReachable":return"P1001";case"DatabaseDoesNotExist":return"P1003";case"SocketTimeout":return"P1008";case"DatabaseAlreadyExists":return"P1009";case"DatabaseAccessDenied":return"P1010";case"TlsConnectionError":return"P1011";case"ConnectionClosed":return"P1017";case"TransactionAlreadyClosed":return"P1018";case"LengthMismatch":return"P2000";case"UniqueConstraintViolation":return"P2002";case"ForeignKeyConstraintViolation":return"P2003";case"InvalidInputValue":return"P2007";case"UnsupportedNativeDataType":return"P2010";case"NullConstraintViolation":return"P2011";case"ValueOutOfRange":return"P2020";case"TableDoesNotExist":return"P2021";case"ColumnNotFound":return"P2022";case"InvalidIsolationLevel":case"InconsistentColumnData":return"P2023";case"MissingFullTextSearchIndex":return"P2030";case"TransactionWriteConflict":return"P2034";case"GenericJs":return"P2036";case"TooManyConnections":return"P2037";case"postgres":case"sqlite":case"mysql":case"mssql":return;default:b(e.cause,`Unknown error: ${e.cause}`)}}function Ko(e){switch(e.cause.kind){case"AuthenticationFailed":return`Authentication failed against the database server, the provided database credentials for \`${e.cause.user??"(not available)"}\` are not valid`;case"DatabaseNotReachable":{let t=e.cause.host&&e.cause.port?`${e.cause.host}:${e.cause.port}`:e.cause.host;return`Can't reach database server${t?` at ${t}`:""}`}case"DatabaseDoesNotExist":return`Database \`${e.cause.db??"(not available)"}\` does not exist on the database server`;case"SocketTimeout":return"Operation has timed out";case"DatabaseAlreadyExists":return`Database \`${e.cause.db??"(not available)"}\` already exists on the database server`;case"DatabaseAccessDenied":return`User was denied access on the database \`${e.cause.db??"(not available)"}\``;case"TlsConnectionError":return`Error opening a TLS connection: ${e.cause.reason}`;case"ConnectionClosed":return"Server has closed the connection.";case"TransactionAlreadyClosed":return e.cause.cause;case"LengthMismatch":return`The provided value for the column is too long for the column's type. Column: ${e.cause.column??"(not available)"}`;case"UniqueConstraintViolation":return`Unique constraint failed on the ${gn(e.cause.constraint)}`;case"ForeignKeyConstraintViolation":return`Foreign key constraint violated on the ${gn(e.cause.constraint)}`;case"UnsupportedNativeDataType":return`Failed to deserialize column of type '${e.cause.type}'. If you're using $queryRaw and this column is explicitly marked as \`Unsupported\` in your Prisma schema, try casting this column to any supported Prisma type such as \`String\`.`;case"NullConstraintViolation":return`Null constraint violation on the ${gn(e.cause.constraint)}`;case"ValueOutOfRange":return`Value out of range for the type: ${e.cause.cause}`;case"TableDoesNotExist":return`The table \`${e.cause.table??"(not available)"}\` does not exist in the current database.`;case"ColumnNotFound":return`The column \`${e.cause.column??"(not available)"}\` does not exist in the current database.`;case"InvalidIsolationLevel":return`Error in connector: Conversion error: ${e.cause.level}`;case"InconsistentColumnData":return`Inconsistent column data: ${e.cause.cause}`;case"MissingFullTextSearchIndex":return"Cannot find a fulltext index to use for the native search, try adding a @@fulltext([Fields...]) to your schema";case"TransactionWriteConflict":return"Transaction failed due to a write conflict or a deadlock. Please retry your transaction";case"GenericJs":return`Error in external connector (id ${e.cause.id})`;case"TooManyConnections":return`Too many database connections opened: ${e.cause.cause}`;case"InvalidInputValue":return`Invalid input value: ${e.cause.message}`;case"sqlite":case"postgres":case"mysql":case"mssql":return;default:b(e.cause,`Unknown error: ${e.cause}`)}}function gn(e){return e&&"fields"in e?`fields: (${e.fields.map(t=>`\`${t}\``).join(", ")})`:e&&"index"in e?`constraint: \`${e.index}\``:e&&"foreignKey"in e?"foreign key":"(not available)"}function zo(e,t){let r=e.map(i=>t.keys.reduce((o,s)=>(o[s]=le(i[s]),o),{})),n=new Set(t.nestedSelection);return t.arguments.map(i=>{let o=r.findIndex(s=>qe(s,i));if(o===-1)return t.expectNonEmpty?new O("An operation failed because it depends on one or more records that were required but not found","P2025"):null;{let s=Object.entries(e[o]).filter(([a])=>n.has(a));return Object.fromEntries(s)}})}var Yo=require("@prisma/client-runtime-utils");var A=class extends O{name="DataMapperError";constructor(t,r){super(t,"P2023",r)}};function Xo(e,t,r){switch(t.type){case"affectedRows":if(typeof e!="number")throw new A(`Expected an affected rows count, got: ${typeof e} (${e})`);return{count:e};case"object":return wn(e,t.fields,r,t.skipNulls);case"field":return hn(e,"<result>",t.fieldType,r);default:b(t,`Invalid data mapping type: '${t.type}'`)}}function wn(e,t,r,n){if(e===null)return null;if(Array.isArray(e)){let i=e;return n&&(i=i.filter(o=>o!==null)),i.map(o=>Zo(o,t,r))}if(typeof e=="object")return Zo(e,t,r);if(typeof e=="string"){let i;try{i=JSON.parse(e)}catch(o){throw new A("Expected an array or object, got a string that is not valid JSON",{cause:o})}return wn(i,t,r,n)}throw new A(`Expected an array or an object, got: ${typeof e}`)}function Zo(e,t,r){if(typeof e!="object")throw new A(`Expected an object, but got '${typeof e}'`);let n={};for(let[i,o]of Object.entries(t))switch(o.type){case"affectedRows":throw new A(`Unexpected 'AffectedRows' node in data mapping for field '${i}'`);case"object":{if(o.serializedName!==null&&!Object.hasOwn(e,o.serializedName))throw new A(`Missing data field (Object): '${i}'; node: ${JSON.stringify(o)}; data: ${JSON.stringify(e)}`);let s=o.serializedName!==null?e[o.serializedName]:e;n[i]=wn(s,o.fields,r,o.skipNulls);break}case"field":{let s=o.dbName;if(Object.hasOwn(e,s))n[i]=Nu(e[s],s,o.fieldType,r);else throw new A(`Missing data field (Value): '${s}'; node: ${JSON.stringify(o)}; data: ${JSON.stringify(e)}`)}break;default:b(o,`DataMapper: Invalid data mapping node type: '${o.type}'`)}return n}function Nu(e,t,r,n){return e===null?r.arity==="list"?[]:null:r.arity==="list"?e.map((o,s)=>hn(o,`${t}[${s}]`,r,n)):hn(e,t,r,n)}function hn(e,t,r,n){switch(r.type){case"unsupported":return e;case"string":{if(typeof e!="string")throw new A(`Expected a string in column '${t}', got ${typeof e}: ${e}`);return e}case"int":switch(typeof e){case"number":return Math.trunc(e);case"string":{let i=Math.trunc(Number(e));if(Number.isNaN(i)||!Number.isFinite(i))throw new A(`Expected an integer in column '${t}', got string: ${e}`);if(!Number.isSafeInteger(i))throw new A(`Integer value in column '${t}' is too large to represent as a JavaScript number without loss of precision, got: ${e}. Consider using BigInt type.`);return i}default:throw new A(`Expected an integer in column '${t}', got ${typeof e}: ${e}`)}case"bigint":{if(typeof e!="number"&&typeof e!="string")throw new A(`Expected a bigint in column '${t}', got ${typeof e}: ${e}`);return{$type:"BigInt",value:e}}case"float":{if(typeof e=="number")return e;if(typeof e=="string"){let i=Number(e);if(Number.isNaN(i)&&!/^[-+]?nan$/.test(e.toLowerCase()))throw new A(`Expected a float in column '${t}', got string: ${e}`);return i}throw new A(`Expected a float in column '${t}', got ${typeof e}: ${e}`)}case"boolean":{if(typeof e=="boolean")return e;if(typeof e=="number")return e===1;if(typeof e=="string"){if(e==="true"||e==="TRUE"||e==="1")return!0;if(e==="false"||e==="FALSE"||e==="0")return!1;throw new A(`Expected a boolean in column '${t}', got ${typeof e}: ${e}`)}if(Array.isArray(e)||e instanceof Uint8Array){for(let i of e)if(i!==0)return!0;return!1}throw new A(`Expected a boolean in column '${t}', got ${typeof e}: ${e}`)}case"decimal":if(typeof e!="number"&&typeof e!="string"&&!Yo.Decimal.isDecimal(e))throw new A(`Expected a decimal in column '${t}', got ${typeof e}: ${e}`);return{$type:"Decimal",value:e};case"datetime":{if(typeof e=="string")return{$type:"DateTime",value:Lu(e)};if(typeof e=="number"||e instanceof Date)return{$type:"DateTime",value:e};throw new A(`Expected a date in column '${t}', got ${typeof e}: ${e}`)}case"object":return{$type:"Json",value:bt(e)};case"json":return{$type:"Json",value:`${e}`};case"bytes":{switch(r.encoding){case"base64":if(typeof e!="string")throw new A(`Expected a base64-encoded byte array in column '${t}', got ${typeof e}: ${e}`);return{$type:"Bytes",value:e};case"hex":if(typeof e!="string"||!e.startsWith("\\x"))throw new A(`Expected a hex-encoded byte array in column '${t}', got ${typeof e}: ${e}`);return{$type:"Bytes",value:Buffer.from(e.slice(2),"hex").toString("base64")};case"array":if(Array.isArray(e))return{$type:"Bytes",value:Buffer.from(e).toString("base64")};if(e instanceof Uint8Array)return{$type:"Bytes",value:Buffer.from(e).toString("base64")};throw new A(`Expected a byte array in column '${t}', got ${typeof e}: ${e}`);default:b(r.encoding,`DataMapper: Unknown bytes encoding: ${r.encoding}`)}break}case"enum":{let i=n[r.name];if(i===void 0)throw new A(`Unknown enum '${r.name}'`);let o=i[`${e}`];if(o===void 0)throw new A(`Value '${e}' not found in enum '${r.name}'`);return o}default:b(r,`DataMapper: Unknown result type: ${r.type}`)}}var _u=/\d{2}:\d{2}:\d{2}(?:\.\d+)?(Z|[+-]\d{2}(:?\d{2})?)?$/;function Lu(e){let t=_u.exec(e);if(t===null)return`${e}T00:00:00Z`;let r=e,[n,i,o]=t;if(i!==void 0&&i!=="Z"&&o===void 0?r=`${e}:00`:i===void 0&&(r=`${e}Z`),n.length===e.length)return`1970-01-01T${r}`;let s=t.index-1;return r[s]===" "&&(r=`${r.slice(0,s)}T${r.slice(s+1)}`),r}function $u(e){let t=Object.entries(e);return t.length===0?"":(t.sort(([n],[i])=>n.localeCompare(i)),`/*${t.map(([n,i])=>{let o=encodeURIComponent(n),s=encodeURIComponent(i).replace(/'/g,"\\'");return`${o}='${s}'`}).join(",")}*/`)}function mr(e,t){let r={};for(let n of e){let i=n(t);for(let[o,s]of Object.entries(i))s!==void 0&&(r[o]=s)}return r}function es(e,t){let r=mr(e,t);return $u(r)}function ts(e,t){return t?`${e} ${t}`:e}var Et;(function(e){e[e.INTERNAL=0]="INTERNAL",e[e.SERVER=1]="SERVER",e[e.CLIENT=2]="CLIENT",e[e.PRODUCER=3]="PRODUCER",e[e.CONSUMER=4]="CONSUMER"})(Et||(Et={}));function qu(e){switch(e){case"postgresql":case"postgres":case"prisma+postgres":return"postgresql";case"sqlserver":return"mssql";case"mysql":case"sqlite":case"cockroachdb":case"mongodb":return e;default:b(e,`Unknown provider: ${e}`)}}async function fr({query:e,tracingHelper:t,provider:r,onQuery:n,execute:i}){return await t.runInChildSpan({name:"db_query",kind:Et.CLIENT,attributes:{"db.query.text":e.sql,"db.system.name":qu(r)}},async()=>{let o=new Date,s=performance.now(),a=await i(),l=performance.now();return n?.({timestamp:o,duration:l-s,query:e.sql,params:e.args}),a})}function ye(e,t){var r="000000000"+e;return r.substr(r.length-t)}var rs=V(require("node:os"),1);function Vu(){try{return rs.default.hostname()}catch{return process.env._CLUSTER_NETWORK_NAME_||process.env.COMPUTERNAME||"hostname"}}var ns=2,Uu=ye(process.pid.toString(36),ns),is=Vu(),ju=is.length,Bu=ye(is.split("").reduce(function(e,t){return+e+t.charCodeAt(0)},+ju+36).toString(36),ns);function xn(){return Uu+Bu}function gr(e){return typeof e=="string"&&/^c[a-z0-9]{20,32}$/.test(e)}function bn(e){let n=Math.pow(36,4),i=0;function o(){return ye((Math.random()*n<<0).toString(36),4)}function s(){return i=i<n?i:0,i++,i-1}function a(){var l="c",c=new Date().getTime().toString(36),u=ye(s().toString(36),4),p=e(),y=o()+o();return l+c+u+p+y}return a.fingerprint=e,a.isCuid=gr,a}var Qu=bn(xn);var os=Qu;var ia=V(Ks());var kn=require("node:crypto");var zs="useandom-26T198340PX75pxJACKVERYMINDBUSHWOLF_GQZbfghjklqvwyzrict";var Op=128,we,Be;function Ip(e){!we||we.length<e?(we=Buffer.allocUnsafe(e*Op),kn.webcrypto.getRandomValues(we),Be=0):Be+e>we.length&&(kn.webcrypto.getRandomValues(we),Be=0),Be+=e}function On(e=21){Ip(e|=0);let t="";for(let r=Be-e;r<Be;r++)t+=zs[we[r]&63];return t}var Ct=V(require("node:crypto"),1);var Ys="0123456789ABCDEFGHJKMNPQRSTVWXYZ",Rt=32;var Fp=16,Xs=10,Zs=0xffffffffffff;var xe;(function(e){e.Base32IncorrectEncoding="B32_ENC_INVALID",e.DecodeTimeInvalidCharacter="DEC_TIME_CHAR",e.DecodeTimeValueMalformed="DEC_TIME_MALFORMED",e.EncodeTimeNegative="ENC_TIME_NEG",e.EncodeTimeSizeExceeded="ENC_TIME_SIZE_EXCEED",e.EncodeTimeValueMalformed="ENC_TIME_MALFORMED",e.PRNGDetectFailure="PRNG_DETECT",e.ULIDInvalid="ULID_INVALID",e.Unexpected="UNEXPECTED",e.UUIDInvalid="UUID_INVALID"})(xe||(xe={}));var be=class extends Error{constructor(t,r){super(`${r} (${t})`),this.name="ULIDError",this.code=t}};function Mp(e){let t=Math.floor(e()*Rt);return t===Rt&&(t=Rt-1),Ys.charAt(t)}function Dp(e){let t=Np(),r=t&&(t.crypto||t.msCrypto)||(typeof Ct.default<"u"?Ct.default:null);if(typeof r?.getRandomValues=="function")return()=>{let n=new Uint8Array(1);return r.getRandomValues(n),n[0]/255};if(typeof r?.randomBytes=="function")return()=>r.randomBytes(1).readUInt8()/255;if(Ct.default?.randomBytes)return()=>Ct.default.randomBytes(1).readUInt8()/255;throw new be(xe.PRNGDetectFailure,"Failed to find a reliable PRNG")}function Np(){return $p()?self:typeof window<"u"?window:typeof global<"u"?global:typeof globalThis<"u"?globalThis:null}function _p(e,t){let r="";for(;e>0;e--)r=Mp(t)+r;return r}function Lp(e,t=Xs){if(isNaN(e))throw new be(xe.EncodeTimeValueMalformed,`Time must be a number: ${e}`);if(e>Zs)throw new be(xe.EncodeTimeSizeExceeded,`Cannot encode a time larger than ${Zs}: ${e}`);if(e<0)throw new be(xe.EncodeTimeNegative,`Time must be positive: ${e}`);if(Number.isInteger(e)===!1)throw new be(xe.EncodeTimeValueMalformed,`Time must be an integer: ${e}`);let r,n="";for(let i=t;i>0;i--)r=e%Rt,n=Ys.charAt(r)+n,e=(e-r)/Rt;return n}function $p(){return typeof WorkerGlobalScope<"u"&&self instanceof WorkerGlobalScope}function ea(e,t){let r=t||Dp(),n=!e||isNaN(e)?Date.now():e;return Lp(n,Xs)+_p(Fp,r)}var I=[];for(let e=0;e<256;++e)I.push((e+256).toString(16).slice(1));function xr(e,t=0){return(I[e[t+0]]+I[e[t+1]]+I[e[t+2]]+I[e[t+3]]+"-"+I[e[t+4]]+I[e[t+5]]+"-"+I[e[t+6]]+I[e[t+7]]+"-"+I[e[t+8]]+I[e[t+9]]+"-"+I[e[t+10]]+I[e[t+11]]+I[e[t+12]]+I[e[t+13]]+I[e[t+14]]+I[e[t+15]]).toLowerCase()}var ta=require("node:crypto"),Er=new Uint8Array(256),br=Er.length;function Qe(){return br>Er.length-16&&((0,ta.randomFillSync)(Er),br=0),Er.slice(br,br+=16)}var ra=require("node:crypto"),In={randomUUID:ra.randomUUID};function qp(e,t,r){if(In.randomUUID&&!t&&!e)return In.randomUUID();e=e||{};let n=e.random??e.rng?.()??Qe();if(n.length<16)throw new Error("Random bytes length must be >= 16");if(n[6]=n[6]&15|64,n[8]=n[8]&63|128,t){if(r=r||0,r<0||r+16>t.length)throw new RangeError(`UUID byte range ${r}:${r+15} is out of buffer bounds`);for(let i=0;i<16;++i)t[r+i]=n[i];return t}return xr(n)}var Fn=qp;var Mn={};function Vp(e,t,r){let n;if(e)n=na(e.random??e.rng?.()??Qe(),e.msecs,e.seq,t,r);else{let i=Date.now(),o=Qe();Up(Mn,i,o),n=na(o,Mn.msecs,Mn.seq,t,r)}return t??xr(n)}function Up(e,t,r){return e.msecs??=-1/0,e.seq??=0,t>e.msecs?(e.seq=r[6]<<23|r[7]<<16|r[8]<<8|r[9],e.msecs=t):(e.seq=e.seq+1|0,e.seq===0&&e.msecs++),e}function na(e,t,r,n,i=0){if(e.length<16)throw new Error("Random bytes length must be >= 16");if(!n)n=new Uint8Array(16),i=0;else if(i<0||i+16>n.length)throw new RangeError(`UUID byte range ${i}:${i+15} is out of buffer bounds`);return t??=Date.now(),r??=e[6]*127<<24|e[7]<<16|e[8]<<8|e[9],n[i++]=t/1099511627776&255,n[i++]=t/4294967296&255,n[i++]=t/16777216&255,n[i++]=t/65536&255,n[i++]=t/256&255,n[i++]=t&255,n[i++]=112|r>>>28&15,n[i++]=r>>>20&255,n[i++]=128|r>>>14&63,n[i++]=r>>>6&255,n[i++]=r<<2&255|e[10]&3,n[i++]=e[11],n[i++]=e[12],n[i++]=e[13],n[i++]=e[14],n[i++]=e[15],n}var Dn=Vp;var Tr=class{#t={};constructor(){this.register("uuid",new _n),this.register("cuid",new Ln),this.register("ulid",new $n),this.register("nanoid",new qn),this.register("product",new Vn)}snapshot(){return Object.create(this.#t,{now:{value:new Nn}})}register(t,r){this.#t[t]=r}},Nn=class{#t=new Date;generate(){return this.#t.toISOString()}},_n=class{generate(t){if(t===4)return Fn();if(t===7)return Dn();throw new Error("Invalid UUID generator arguments")}},Ln=class{generate(t){if(t===1)return os();if(t===2)return(0,ia.createId)();throw new Error("Invalid CUID generator arguments")}},$n=class{generate(){return ea()}},qn=class{generate(t){if(typeof t=="number")return On(t);if(t===void 0)return On();throw new Error("Invalid Nanoid generator arguments")}},Vn=class{generate(t,r){if(t===void 0||r===void 0)throw new Error("Invalid Product generator arguments");return Array.isArray(t)&&Array.isArray(r)?t.flatMap(n=>r.map(i=>[n,i])):Array.isArray(t)?t.map(n=>[n,r]):Array.isArray(r)?r.map(n=>[t,n]):[[t,r]]}};function Pr(e,t){return e==null?e:typeof e=="string"?Pr(JSON.parse(e),t):Array.isArray(e)?Bp(e,t):jp(e,t)}function jp(e,t){if(t.pagination){let{skip:r,take:n,cursor:i}=t.pagination;if(r!==null&&r>0||n===0||i!==null&&!qe(e,i))return null}return sa(e,t.nested)}function sa(e,t){for(let[r,n]of Object.entries(t))e[r]=Pr(e[r],n);return e}function Bp(e,t){if(t.distinct!==null){let r=t.linkingFields!==null?[...t.distinct,...t.linkingFields]:t.distinct;e=Qp(e,r)}return t.pagination&&(e=Hp(e,t.pagination,t.linkingFields)),t.reverse&&e.reverse(),Object.keys(t.nested).length===0?e:e.map(r=>sa(r,t.nested))}function Qp(e,t){let r=new Set,n=[];for(let i of e){let o=He(i,t);r.has(o)||(r.add(o),n.push(i))}return n}function Hp(e,t,r){if(r===null)return oa(e,t);let n=new Map;for(let o of e){let s=He(o,r);n.has(s)||n.set(s,[]),n.get(s).push(o)}let i=Array.from(n.entries());return i.sort(([o],[s])=>o<s?-1:o>s?1:0),i.flatMap(([,o])=>oa(o,t))}function oa(e,{cursor:t,skip:r,take:n}){let i=t!==null?e.findIndex(a=>qe(a,t)):0;if(i===-1)return[];let o=i+(r??0),s=n!==null?o+n:e.length;return e.slice(o,s)}function He(e,t){return JSON.stringify(t.map(r=>e[r]))}function Un(e){return typeof e=="object"&&e!==null&&e.prisma__type==="param"}function jn(e){return typeof e=="object"&&e!==null&&e.prisma__type==="generatorCall"}function Hn(e,t,r,n){let i=e.args.map(o=>H(o,t,r));switch(e.type){case"rawSql":return[Gp(e.sql,i,e.argTypes)];case"templateSql":return(e.chunkable?zp(e.fragments,i,n):[i]).map(s=>{if(n!==void 0&&s.length>n)throw new O("The query parameter limit supported by your database is exceeded.","P2029");return Jp(e.fragments,e.placeholderFormat,s,e.argTypes)});default:b(e.type,"Invalid query type")}}function H(e,t,r){for(;Kp(e);)if(Un(e)){let n=t[e.prisma__value.name];if(n===void 0)throw new Error(`Missing value for query variable ${e.prisma__value.name}`);e=n}else if(jn(e)){let{name:n,args:i}=e.prisma__value,o=r[n];if(!o)throw new Error(`Encountered an unknown generator '${n}'`);e=o.generate(...i.map(s=>H(s,t,r)))}else b(e,`Unexpected unevaluated value type: ${e}`);return Array.isArray(e)&&(e=e.map(n=>H(n,t,r))),e}function Jp(e,t,r,n){let i="",o={placeholderNumber:1},s=[],a=[];for(let l of Qn(e,r,n)){if(i+=Wp(l,t,o),l.type==="stringChunk")continue;let c=s.length,u=s.push(...aa(l))-c;if(l.argType.arity==="tuple"){if(u%l.argType.elements.length!==0)throw new Error(`Malformed query template. Expected the number of parameters to match the tuple arity, but got ${u} parameters for a tuple of arity ${l.argType.elements.length}.`);for(let p=0;p<u/l.argType.elements.length;p++)a.push(...l.argType.elements)}else for(let p=0;p<u;p++)a.push(l.argType)}return{sql:i,args:s,argTypes:a}}function Wp(e,t,r){let n=e.type;switch(n){case"parameter":return Bn(t,r.placeholderNumber++);case"stringChunk":return e.chunk;case"parameterTuple":return`(${e.value.length==0?"NULL":e.value.map(()=>Bn(t,r.placeholderNumber++)).join(",")})`;case"parameterTupleList":return e.value.map(i=>{let o=i.map(()=>Bn(t,r.placeholderNumber++)).join(e.itemSeparator);return`${e.itemPrefix}${o}${e.itemSuffix}`}).join(e.groupSeparator);default:b(n,"Invalid fragment type")}}function Bn(e,t){return e.hasNumbering?`${e.prefix}${t}`:e.prefix}function Gp(e,t,r){return{sql:e,args:t,argTypes:r}}function Kp(e){return Un(e)||jn(e)}function*Qn(e,t,r){let n=0;for(let i of e)switch(i.type){case"parameter":{if(n>=t.length)throw new Error(`Malformed query template. Fragments attempt to read over ${t.length} parameters.`);yield{...i,value:t[n],argType:r?.[n]},n++;break}case"stringChunk":{yield i;break}case"parameterTuple":{if(n>=t.length)throw new Error(`Malformed query template. Fragments attempt to read over ${t.length} parameters.`);let o=t[n];yield{...i,value:Array.isArray(o)?o:[o],argType:r?.[n]},n++;break}case"parameterTupleList":{if(n>=t.length)throw new Error(`Malformed query template. Fragments attempt to read over ${t.length} parameters.`);let o=t[n];if(!Array.isArray(o))throw new Error("Malformed query template. Tuple list expected.");if(o.length===0)throw new Error("Malformed query template. Tuple list cannot be empty.");for(let s of o)if(!Array.isArray(s))throw new Error("Malformed query template. Tuple expected.");yield{...i,value:o,argType:r?.[n]},n++;break}}}function*aa(e){switch(e.type){case"parameter":yield e.value;break;case"stringChunk":break;case"parameterTuple":yield*e.value;break;case"parameterTupleList":for(let t of e.value)yield*t;break}}function zp(e,t,r){let n=0,i=0;for(let s of Qn(e,t,void 0)){let a=0;for(let l of aa(s))a++;i=Math.max(i,a),n+=a}let o=[[]];for(let s of Qn(e,t,void 0))switch(s.type){case"parameter":{for(let a of o)a.push(s.value);break}case"stringChunk":break;case"parameterTuple":{let a=s.value.length,l=[];if(r&&o.length===1&&a===i&&n>r&&n-a<r){let c=r-(n-a);l=Zp(s.value,c)}else l=[s.value];o=o.flatMap(c=>l.map(u=>[...c,u]));break}case"parameterTupleList":{let a=s.value.reduce((p,y)=>p+y.length,0),l=[],c=[],u=0;for(let p of s.value)r&&o.length===1&&a===i&&c.length>0&&n-a+u+p.length>r&&(l.push(c),c=[],u=0),c.push(p),u+=p.length;c.length>0&&l.push(c),o=o.flatMap(p=>l.map(y=>[...p,y]));break}}return o}function Zp(e,t){let r=[];for(let n=0;n<e.length;n+=t)r.push(e.slice(n,n+t));return r}function la(e){return e.rows.map(t=>t.reduce((r,n,i)=>(r[e.columnNames[i]]=n,r),{}))}function ca(e){return{columns:e.columnNames,types:e.columnTypes.map(t=>Yp(t)),rows:e.rows.map(t=>t.map((r,n)=>kt(r,e.columnTypes[n])))}}function kt(e,t){if(e===null)return null;switch(t){case d.Int32:switch(typeof e){case"number":return Math.trunc(e);case"string":return Math.trunc(Number(e));default:throw new Error(`Cannot serialize value of type ${typeof e} as Int32`)}case d.Int32Array:if(!Array.isArray(e))throw new Error(`Cannot serialize value of type ${typeof e} as Int32Array`);return e.map(r=>kt(r,d.Int32));case d.Int64:switch(typeof e){case"number":return BigInt(Math.trunc(e));case"string":return e;default:throw new Error(`Cannot serialize value of type ${typeof e} as Int64`)}case d.Int64Array:if(!Array.isArray(e))throw new Error(`Cannot serialize value of type ${typeof e} as Int64Array`);return e.map(r=>kt(r,d.Int64));case d.Json:switch(typeof e){case"string":return JSON.parse(e);default:throw new Error(`Cannot serialize value of type ${typeof e} as Json`)}case d.JsonArray:if(!Array.isArray(e))throw new Error(`Cannot serialize value of type ${typeof e} as JsonArray`);return e.map(r=>kt(r,d.Json));case d.Boolean:switch(typeof e){case"boolean":return e;case"string":return e==="true"||e==="1";case"number":return e===1;default:throw new Error(`Cannot serialize value of type ${typeof e} as Boolean`)}case d.BooleanArray:if(!Array.isArray(e))throw new Error(`Cannot serialize value of type ${typeof e} as BooleanArray`);return e.map(r=>kt(r,d.Boolean));default:return e}}function Yp(e){switch(e){case d.Int32:return"int";case d.Int64:return"bigint";case d.Float:return"float";case d.Double:return"double";case d.Text:return"string";case d.Enum:return"enum";case d.Bytes:return"bytes";case d.Boolean:return"bool";case d.Character:return"char";case d.Numeric:return"decimal";case d.Json:return"json";case d.Uuid:return"uuid";case d.DateTime:return"datetime";case d.Date:return"date";case d.Time:return"time";case d.Int32Array:return"int-array";case d.Int64Array:return"bigint-array";case d.FloatArray:return"float-array";case d.DoubleArray:return"double-array";case d.TextArray:return"string-array";case d.EnumArray:return"string-array";case d.BytesArray:return"bytes-array";case d.BooleanArray:return"bool-array";case d.CharacterArray:return"char-array";case d.NumericArray:return"decimal-array";case d.JsonArray:return"json-array";case d.UuidArray:return"uuid-array";case d.DateTimeArray:return"datetime-array";case d.DateArray:return"date-array";case d.TimeArray:return"time-array";case d.UnknownNumber:return"unknown";case d.Set:return"string";default:b(e,`Unexpected column type: ${e}`)}}function ua(e,t,r){if(!t.every(n=>Jn(e,n))){let n=Xp(e,r),i=ed(r);throw new O(n,i,r.context)}}function Jn(e,t){switch(t.type){case"rowCountEq":return Array.isArray(e)?e.length===t.args:e===null?t.args===0:t.args===1;case"rowCountNeq":return Array.isArray(e)?e.length!==t.args:e===null?t.args!==0:t.args!==1;case"affectedRowCountEq":return e===t.args;case"never":return!1;default:b(t,`Unknown rule type: ${t.type}`)}}function Xp(e,t){switch(t.error_identifier){case"RELATION_VIOLATION":return`The change you are trying to make would violate the required relation '${t.context.relation}' between the \`${t.context.modelA}\` and \`${t.context.modelB}\` models.`;case"MISSING_RECORD":return`An operation failed because it depends on one or more records that were required but not found. No record was found for ${t.context.operation}.`;case"MISSING_RELATED_RECORD":{let r=t.context.neededFor?` (needed to ${t.context.neededFor})`:"";return`An operation failed because it depends on one or more records that were required but not found. No '${t.context.model}' record${r} was found for ${t.context.operation} on ${t.context.relationType} relation '${t.context.relation}'.`}case"INCOMPLETE_CONNECT_INPUT":return`An operation failed because it depends on one or more records that were required but not found. Expected ${t.context.expectedRows} records to be connected, found only ${Array.isArray(e)?e.length:e}.`;case"INCOMPLETE_CONNECT_OUTPUT":return`The required connected records were not found. Expected ${t.context.expectedRows} records to be connected after connect operation on ${t.context.relationType} relation '${t.context.relation}', found ${Array.isArray(e)?e.length:e}.`;case"RECORDS_NOT_CONNECTED":return`The records for relation \`${t.context.relation}\` between the \`${t.context.parent}\` and \`${t.context.child}\` models are not connected.`;default:b(t,`Unknown error identifier: ${t}`)}}function ed(e){switch(e.error_identifier){case"RELATION_VIOLATION":return"P2014";case"RECORDS_NOT_CONNECTED":return"P2017";case"INCOMPLETE_CONNECT_OUTPUT":return"P2018";case"MISSING_RECORD":case"MISSING_RELATED_RECORD":case"INCOMPLETE_CONNECT_INPUT":return"P2025";default:b(e,`Unknown error identifier: ${e}`)}}var Ot=class e{#t;#e;#r;#n=new Tr;#l;#i;#s;#o;#c;#a;constructor({transactionManager:t,placeholderValues:r,onQuery:n,tracingHelper:i,serializer:o,rawSerializer:s,provider:a,connectionInfo:l,sqlCommenter:c}){this.#t=t,this.#e=r,this.#r=n,this.#l=i,this.#i=o,this.#s=s??o,this.#o=a,this.#c=l,this.#a=c}static forSql(t){return new e({transactionManager:t.transactionManager,placeholderValues:t.placeholderValues,onQuery:t.onQuery,tracingHelper:t.tracingHelper,serializer:la,rawSerializer:ca,provider:t.provider,connectionInfo:t.connectionInfo,sqlCommenter:t.sqlCommenter})}async run(t,r){let{value:n}=await this.interpretNode(t,r,this.#e,this.#n.snapshot()).catch(i=>Ve(i));return n}async interpretNode(t,r,n,i){switch(t.type){case"value":return{value:H(t.args,n,i)};case"seq":{let o;for(let s of t.args)o=await this.interpretNode(s,r,n,i);return o??{value:void 0}}case"get":return{value:n[t.args.name]};case"let":{let o=Object.create(n);for(let s of t.args.bindings){let{value:a}=await this.interpretNode(s.expr,r,o,i);o[s.name]=a}return this.interpretNode(t.args.expr,r,o,i)}case"getFirstNonEmpty":{for(let o of t.args.names){let s=n[o];if(!pa(s))return{value:s}}return{value:[]}}case"concat":{let o=await Promise.all(t.args.map(s=>this.interpretNode(s,r,n,i).then(a=>a.value)));return{value:o.length>0?o.reduce((s,a)=>s.concat(Wn(a)),[]):[]}}case"sum":{let o=await Promise.all(t.args.map(s=>this.interpretNode(s,r,n,i).then(a=>a.value)));return{value:o.length>0?o.reduce((s,a)=>z(s)+z(a)):0}}case"execute":{let o=Hn(t.args,n,i,this.#u()),s=0;for(let a of o){let l=this.#m(a);s+=await this.#d(l,r,()=>r.executeRaw(l).catch(c=>t.args.type==="rawSql"?yn(c):Ve(c)))}return{value:s}}case"query":{let o=Hn(t.args,n,i,this.#u()),s;for(let a of o){let l=this.#m(a),c=await this.#d(l,r,()=>r.queryRaw(l).catch(u=>t.args.type==="rawSql"?yn(u):Ve(u)));s===void 0?s=c:(s.rows.push(...c.rows),s.lastInsertId=c.lastInsertId)}return{value:t.args.type==="rawSql"?this.#s(s):this.#i(s),lastInsertId:s?.lastInsertId}}case"reverse":{let{value:o,lastInsertId:s}=await this.interpretNode(t.args,r,n,i);return{value:Array.isArray(o)?o.reverse():o,lastInsertId:s}}case"unique":{let{value:o,lastInsertId:s}=await this.interpretNode(t.args,r,n,i);if(!Array.isArray(o))return{value:o,lastInsertId:s};if(o.length>1)throw new Error(`Expected zero or one element, got ${o.length}`);return{value:o[0]??null,lastInsertId:s}}case"required":{let{value:o,lastInsertId:s}=await this.interpretNode(t.args,r,n,i);if(pa(o))throw new Error("Required value is empty");return{value:o,lastInsertId:s}}case"mapField":{let{value:o,lastInsertId:s}=await this.interpretNode(t.args.records,r,n,i);return{value:da(o,t.args.field),lastInsertId:s}}case"join":{let{value:o,lastInsertId:s}=await this.interpretNode(t.args.parent,r,n,i);if(o===null)return{value:null,lastInsertId:s};let a=await Promise.all(t.args.children.map(async l=>({joinExpr:l,childRecords:(await this.interpretNode(l.child,r,n,i)).value})));return{value:td(o,a),lastInsertId:s}}case"transaction":{if(!this.#t.enabled)return this.interpretNode(t.args,r,n,i);let o=this.#t.manager,s=await o.startInternalTransaction(),a=await o.getTransaction(s,"query");try{let l=await this.interpretNode(t.args,a,n,i);return await o.commitTransaction(s.id),l}catch(l){throw await o.rollbackTransaction(s.id),l}}case"dataMap":{let{value:o,lastInsertId:s}=await this.interpretNode(t.args.expr,r,n,i);return{value:Xo(o,t.args.structure,t.args.enums),lastInsertId:s}}case"validate":{let{value:o,lastInsertId:s}=await this.interpretNode(t.args.expr,r,n,i);return ua(o,t.args.rules,t.args),{value:o,lastInsertId:s}}case"if":{let{value:o}=await this.interpretNode(t.args.value,r,n,i);return Jn(o,t.args.rule)?await this.interpretNode(t.args.then,r,n,i):await this.interpretNode(t.args.else,r,n,i)}case"unit":return{value:void 0};case"diff":{let{value:o}=await this.interpretNode(t.args.from,r,n,i),{value:s}=await this.interpretNode(t.args.to,r,n,i),a=c=>c!==null?He(Ar(c),t.args.fields):null,l=new Set(Wn(s).map(a));return{value:Wn(o).filter(c=>!l.has(a(c)))}}case"process":{let{value:o,lastInsertId:s}=await this.interpretNode(t.args.expr,r,n,i);return{value:Pr(o,t.args.operations),lastInsertId:s}}case"initializeRecord":{let{lastInsertId:o}=await this.interpretNode(t.args.expr,r,n,i),s={};for(let[a,l]of Object.entries(t.args.fields))s[a]=rd(l,o,n,i);return{value:s,lastInsertId:o}}case"mapRecord":{let{value:o,lastInsertId:s}=await this.interpretNode(t.args.expr,r,n,i),a=o===null?{}:Ar(o);for(let[l,c]of Object.entries(t.args.fields))a[l]=nd(c,a[l],n,i);return{value:a,lastInsertId:s}}default:b(t,`Unexpected node type: ${t.type}`)}}#u(){return this.#c?.maxBindValues!==void 0?this.#c.maxBindValues:this.#p()}#p(){if(this.#o!==void 0)switch(this.#o){case"cockroachdb":case"postgres":case"postgresql":case"prisma+postgres":return 32766;case"mysql":return 65535;case"sqlite":return 999;case"sqlserver":return 2098;case"mongodb":return;default:b(this.#o,`Unexpected provider: ${this.#o}`)}}#d(t,r,n){return fr({query:t,execute:n,provider:this.#o??r.provider,tracingHelper:this.#l,onQuery:this.#r})}#m(t){if(!this.#a||this.#a.plugins.length===0)return t;let r=es(this.#a.plugins,{query:this.#a.queryInfo,sql:t.sql});return r?{...t,sql:ts(t.sql,r)}:t}};function pa(e){return Array.isArray(e)?e.length===0:e==null}function Wn(e){return Array.isArray(e)?e:[e]}function z(e){if(typeof e=="number")return e;if(typeof e=="string")return Number(e);throw new Error(`Expected number, got ${typeof e}`)}function Ar(e){if(typeof e=="object"&&e!==null)return e;throw new Error(`Expected object, got ${typeof e}`)}function da(e,t){return Array.isArray(e)?e.map(r=>da(r,t)):typeof e=="object"&&e!==null?e[t]??null:e}function td(e,t){for(let{joinExpr:r,childRecords:n}of t){let i=r.on.map(([a])=>a),o=r.on.map(([,a])=>a),s={};for(let a of Array.isArray(e)?e:[e]){let l=Ar(a),c=He(l,i);s[c]||(s[c]=[]),s[c].push(l),r.isRelationUnique?l[r.parentField]=null:l[r.parentField]=[]}for(let a of Array.isArray(n)?n:[n]){if(a===null)continue;let l=He(Ar(a),o);for(let c of s[l]??[])r.isRelationUnique?c[r.parentField]=a:c[r.parentField].push(a)}}return e}function rd(e,t,r,n){switch(e.type){case"value":return H(e.value,r,n);case"lastInsertId":return t;default:b(e,`Unexpected field initializer type: ${e.type}`)}}function nd(e,t,r,n){switch(e.type){case"set":return H(e.value,r,n);case"add":return z(t)+z(H(e.value,r,n));case"subtract":return z(t)-z(H(e.value,r,n));case"multiply":return z(t)*z(H(e.value,r,n));case"divide":{let i=z(t),o=z(H(e.value,r,n));return o===0?null:i/o}default:b(e,`Unexpected field operation type: ${e.type}`)}}async function id(){return globalThis.crypto??await import("node:crypto")}async function ma(){return(await id()).randomUUID()}async function fa(e,t){return new Promise(r=>{e.addEventListener(t,r,{once:!0})})}var U=class extends O{name="TransactionManagerError";constructor(t,r){super("Transaction API error: "+t,"P2028",r)}},It=class extends U{constructor(){super("Transaction not found. Transaction ID is invalid, refers to an old closed transaction Prisma doesn't have information about anymore, or was obtained before disconnecting.")}},Sr=class extends U{constructor(t){super(`Transaction already closed: A ${t} cannot be executed on a committed transaction.`)}},vr=class extends U{constructor(t){super(`Transaction already closed: A ${t} cannot be executed on a transaction that was rolled back.`)}},Cr=class extends U{constructor(){super("Unable to start a transaction in the given time.")}},Rr=class extends U{constructor(t,{timeout:r,timeTaken:n}){super(`A ${t} cannot be executed on an expired transaction. The timeout for this transaction was ${r} ms, however ${n} ms passed since the start of the transaction. Consider increasing the interactive transaction timeout or doing less work in the transaction.`,{operation:t,timeout:r,timeTaken:n})}},Je=class extends U{constructor(t){super(`Internal Consistency Error: ${t}`)}},kr=class extends U{constructor(t){super(`Invalid isolation level: ${t}`,{isolationLevel:t})}};var od=100,We=M("prisma:client:transactionManager"),sd=()=>({sql:"COMMIT",args:[],argTypes:[]}),ad=()=>({sql:"ROLLBACK",args:[],argTypes:[]}),ld=()=>({sql:'-- Implicit "COMMIT" query via underlying driver',args:[],argTypes:[]}),cd=()=>({sql:'-- Implicit "ROLLBACK" query via underlying driver',args:[],argTypes:[]}),Ft=class{transactions=new Map;closedTransactions=[];driverAdapter;transactionOptions;tracingHelper;#t;#e;constructor({driverAdapter:t,transactionOptions:r,tracingHelper:n,onQuery:i,provider:o}){this.driverAdapter=t,this.transactionOptions=r,this.tracingHelper=n,this.#t=i,this.#e=o}async startInternalTransaction(t){let r=t!==void 0?this.#s(t):{};return await this.tracingHelper.runInChildSpan("start_transaction",()=>this.#r(r))}async startTransaction(t){let r=t!==void 0?this.#s(t):this.transactionOptions;return await this.tracingHelper.runInChildSpan("start_transaction",()=>this.#r(r))}async#r(t){let r={id:await ma(),status:"waiting",timer:void 0,timeout:t.timeout,startedAt:Date.now(),transaction:void 0},n=new AbortController,i=ga(()=>n.abort(),t.maxWait);i?.unref?.();let o=this.driverAdapter.startTransaction(t.isolationLevel).catch(Ve);switch(r.transaction=await Promise.race([o.finally(()=>clearTimeout(i)),fa(n.signal,"abort").then(()=>{})]),this.transactions.set(r.id,r),r.status){case"waiting":if(n.signal.aborted)throw o.then(s=>s.rollback()).catch(s=>We("error in discarded transaction:",s)),await this.#i(r,"timed_out"),new Cr;return r.status="running",r.timer=this.#l(r.id,t.timeout),{id:r.id};case"timed_out":case"running":case"committed":case"rolled_back":throw new Je(`Transaction in invalid state ${r.status} although it just finished startup.`);default:b(r.status,"Unknown transaction status.")}}async commitTransaction(t){return await this.tracingHelper.runInChildSpan("commit_transaction",async()=>{let r=this.#n(t,"commit");await this.#i(r,"committed")})}async rollbackTransaction(t){return await this.tracingHelper.runInChildSpan("rollback_transaction",async()=>{let r=this.#n(t,"rollback");await this.#i(r,"rolled_back")})}async getTransaction(t,r){let n=this.#n(t.id,r);if(n.status==="closing"&&(await n.closing,n=this.#n(t.id,r)),!n.transaction)throw new It;return n.transaction}#n(t,r){let n=this.transactions.get(t);if(!n){let i=this.closedTransactions.find(o=>o.id===t);if(i)switch(We("Transaction already closed.",{transactionId:t,status:i.status}),i.status){case"closing":case"waiting":case"running":throw new Je("Active transaction found in closed transactions list.");case"committed":throw new Sr(r);case"rolled_back":throw new vr(r);case"timed_out":throw new Rr(r,{timeout:i.timeout,timeTaken:Date.now()-i.startedAt})}else throw We("Transaction not found.",t),new It}if(["committed","rolled_back","timed_out"].includes(n.status))throw new Je("Closed transaction found in active transactions map.");return n}async cancelAllTransactions(){await Promise.allSettled([...this.transactions.values()].map(t=>this.#i(t,"rolled_back")))}#l(t,r){let n=Date.now(),i=ga(async()=>{We("Transaction timed out.",{transactionId:t,timeoutStartedAt:n,timeout:r});let o=this.transactions.get(t);o&&["running","waiting"].includes(o.status)?await this.#i(o,"timed_out"):We("Transaction already committed or rolled back when timeout happened.",t)},r);return i?.unref?.(),i}async#i(t,r){let n=async()=>{We("Closing transaction.",{transactionId:t.id,status:r});try{if(t.transaction&&r==="committed")if(t.transaction.options.usePhantomQuery)await this.#o(ld(),t.transaction,()=>t.transaction.commit());else{let i=sd();await this.#o(i,t.transaction,()=>t.transaction.executeRaw(i)).then(()=>t.transaction.commit(),o=>{let s=()=>Promise.reject(o);return t.transaction.rollback().then(s,s)})}else if(t.transaction)if(t.transaction.options.usePhantomQuery)await this.#o(cd(),t.transaction,()=>t.transaction.rollback());else{let i=ad();try{await this.#o(i,t.transaction,()=>t.transaction.executeRaw(i))}finally{await t.transaction.rollback()}}}finally{t.status=r,clearTimeout(t.timer),t.timer=void 0,this.transactions.delete(t.id),this.closedTransactions.push(t),this.closedTransactions.length>od&&this.closedTransactions.shift()}};t.status==="closing"?(await t.closing,this.#n(t.id,r==="committed"?"commit":"rollback")):await Object.assign(t,{status:"closing",reason:r,closing:n()}).closing}#s(t){if(!t.timeout)throw new U("timeout is required");if(!t.maxWait)throw new U("maxWait is required");if(t.isolationLevel==="SNAPSHOT")throw new kr(t.isolationLevel);return{...t,timeout:t.timeout,maxWait:t.maxWait}}#o(t,r,n){return fr({query:t,execute:n,provider:this.#e??r.provider,tracingHelper:this.tracingHelper,onQuery:this.#t})}};function ga(e,t){return t!==void 0?setTimeout(e,t):void 0}var F=require("@prisma/client-runtime-utils");var Or="7.2.0";function ya(e,t){return{batch:e,transaction:t?.kind==="batch"?{isolationLevel:t.options.isolationLevel}:void 0}}function ha(e){return e?e.replace(/".*"/g,'"X"').replace(/[\s:\[]([+-]?([0-9]*[.])?[0-9]+)/g,t=>`${t[0]}5`):""}function wa(e){return e.split(`
     |                                                                                                                                                                                                                                                                                                                                                                                                                                                                                                                                                                                                                                                                                                                                                                                                                                                                                                                                                                                                                                                                                                                                                                                                                                                                                                                                                                                                                                                                                                                                                                                                                                                                                                                                                                                                                                                                                                                                                                                                                                                                                                                                                                                                                                                                                                                                                                                                                                                                                                                                                                                                                                                                                                                                                                                                                                                                                                                                                                                                                                                                                                                                                                                                                                                                                                                                                                                                                                                                                                                                                                                                                                                                                                                                                                                                                                                                                                                                                                                                                                                                                                                                                                                                                                                                                                                                                                                                                                                                                                                                                                                                                                                                                                                                                                                                                                                                                                                                                                                                                                                                                                                                                                                                                                                                                                                                                                                                                                                                                                                                                                                                                                                                                                                                                                                                                                                                                                                                                                                                                                                                                                                                                                                                                                                                                                                                                                                                                                                                                                                                                                                                                                                                                                                                                                                                                                                                                                                                                                                                                                                                                                                                                                                                                                                                                                                                                                                                                                                                                                                                                                                                                                                                                                                                                                                                                                                                                                                                                                                                                                                                                                                                                                                                                                                                                                                                                                                                                                                                                                                                                                                                                                                                                                                                                                                                                                                                                                                                                                                                                                                                                                                                                                                                                                                                                                                                                                                                                                                                                                                                                                                                                                                                                                                                                                                                                                                                                                                                                                                                                                                                                                                                                                                                                                                                                                                                                                                                                                                                                                                                                                                                                                                                                                                                                                                                                                                                                                                                                                                                                                                                                                                                                                                                                                                                                                                                                                                                                                                                                                                                                                                                                                                                                                                                                                                                                                                                                                                                                                                                                                                                                                                                                                                                                                                                                                                                                                                                                                                                                                                                                                                                                                                                                                                                                                                                                                                                                                                                                                                                                                                                                                                                                                                                                                                                                                                                                                                                                                                                                                                                                                                                                                                                                                                                                                                                                                                                                                                                                                                                                                                                                                                                                                                                                                                                                                                                                                                                                                                                                                                                                                                                                                                                                                                                                                                                                                                                                                                                                                                                                                                                                                                                                                                                                                                                                                                                                                                                                                                                                                                                                                                                                                                                                                                                                                                                                                                                                                                                                                                                                                                                                                                                                                                                                                                                                                                                                                                                                                                                                                                                                                                                                                                                                                                                                                                                                                                                                                                                                                                                                                                                                                                                                                                                                                                                                                                                                                                                                                                                                                                                                                                                                                                                                                                                                                                                                                                                                                                                                                                                                                                                                                                                                                                                                                                                                                                                                                                                                                                                                                                                                                                                                                                                                                                                                                                                                                                                                                                                                                                                                                                                                                                                                                                                                                                                                                                                                                                                                                                                                                                                                                                                                                                                                                                                                                                                                                                                                                                                                                                                                                                                                                                                                                                                                                                                                                                                                                                                                                                                                                                                                                                                                                                                                                                                                                                                                                                                                                                                                                                                                                                                                                                                                                                                                                                                                                                                                                                                                                                                                                                                                                                                                                                                                                                                                                                                                                                                                                                                                                                                                                                                                                                                                                                                                                                                                                                                                                                                                                                                                                                                                                                                                                                                                                                                                                                                                                                                                                                                                                                                                                                                                                                                                                                                                                                                                                                                                                                                                                                                                                                                                                                                                                                                                                                                                                                                                                                                                                                                                                                                                                                                                                                                                                                                                                                                                                                                                                                                                                                                                                                                                                                                                                                                                                                                                                                                                                                                                                                                                                                                                                                                                                                                                                                                                                                                                                                                                                                                                                                                                                                                                                                                                                                                                                                                                                                                                                                                                                                                                                                                                                                                                                                                                                                                                                                                                                                                                                                                                                                                                                                                                                                                                                                                                                                                                                                                                                                                                                                                                                                                                                                                                                                                                                                                                                                                                                                                                                                                                                                                                                                                                                                                                                                                                                                                                                                                                                                                                                                                                                                                                                                                                                                                                                                                                                                                                                                                                                                                                                                                                                                                                                                                                                                                                                                                                                                                                                                                                                                                                                                                                                                                                                                                                                                                                                                                                                                                                                                                                                                                                                                                                                                                                                                                                                                                                                                                                                                                                                                                                                                                                                                                                                                                                                                                                                                                                                                                                                                                                                                                                                                                                                                                                                                                                                                                                                                                                                                                                       ^
  16 | `).map(t=>t.replace(/^\d{4}-[01]\d-[0-3]\dT[0-2]\d:[0-5]\d:[0-5]\d\.\d+([+-][0-2]\d:[0-5]\d|Z)\s*/,"").replace(/\+\d+\s*ms$/,"")).join(`
  17 | `)}var xa=V(Ii());function ba({title:e,user:t="prisma",repo:r="prisma",template:n="bug_report.yml",body:i}){return(0,xa.default)({user:t,repo:r,template:n,title:e,body:i})}function Ea({version:e,binaryTarget:t,title:r,description:n,engineVersion:i,database:o,query:s}){let a=xi(6e3-(s?.length??0)),l=wa(Se(a)),c=n?`# Description
  18 | \`\`\`
To get a more detailed stack trace and pinpoint the issue, try one of the following:
  - Start the app in development mode by running `next dev`, then open "/admin/categories" in your browser to investigate the error.
  - Rerun the production build with `next build --debug-prerender` to generate better stack traces.
Error occurred prerendering page "/admin/categories". Read more: https://nextjs.org/docs/messages/prerender-error
Export encountered an error on /(dashbord)/admin/categories/page: /admin/categories, exiting the build.
⨯ Next.js build worker exited with code: 1 and signal: null
error: script "build" exited with code 1
